Archive member included to satisfy reference by file (symbol)

C:/ST/STM32CubeIDE_1.17.0/STM32CubeIDE/plugins/com.st.stm32cube.ide.mcu.externaltools.gnu-tools-for-stm32.12.3.rel1.win32_1.1.0.202410251130/tools/bin/../lib/gcc/arm-none-eabi/12.3.1/../../../../arm-none-eabi/lib/thumb/v6-m/nofp\libc_nano.a(libc_a-exit.o)
                              C:/ST/STM32CubeIDE_1.17.0/STM32CubeIDE/plugins/com.st.stm32cube.ide.mcu.externaltools.gnu-tools-for-stm32.12.3.rel1.win32_1.1.0.202410251130/tools/bin/../lib/gcc/arm-none-eabi/12.3.1/../../../../arm-none-eabi/lib/thumb/v6-m/nofp/crt0.o (exit)
C:/ST/STM32CubeIDE_1.17.0/STM32CubeIDE/plugins/com.st.stm32cube.ide.mcu.externaltools.gnu-tools-for-stm32.12.3.rel1.win32_1.1.0.202410251130/tools/bin/../lib/gcc/arm-none-eabi/12.3.1/../../../../arm-none-eabi/lib/thumb/v6-m/nofp\libc_nano.a(libc_a-findfp.o)
                              C:/ST/STM32CubeIDE_1.17.0/STM32CubeIDE/plugins/com.st.stm32cube.ide.mcu.externaltools.gnu-tools-for-stm32.12.3.rel1.win32_1.1.0.202410251130/tools/bin/../lib/gcc/arm-none-eabi/12.3.1/../../../../arm-none-eabi/lib/thumb/v6-m/nofp\libc_nano.a(libc_a-exit.o) (__stdio_exit_handler)
C:/ST/STM32CubeIDE_1.17.0/STM32CubeIDE/plugins/com.st.stm32cube.ide.mcu.externaltools.gnu-tools-for-stm32.12.3.rel1.win32_1.1.0.202410251130/tools/bin/../lib/gcc/arm-none-eabi/12.3.1/../../../../arm-none-eabi/lib/thumb/v6-m/nofp\libc_nano.a(libc_a-fwalk.o)
                              C:/ST/STM32CubeIDE_1.17.0/STM32CubeIDE/plugins/com.st.stm32cube.ide.mcu.externaltools.gnu-tools-for-stm32.12.3.rel1.win32_1.1.0.202410251130/tools/bin/../lib/gcc/arm-none-eabi/12.3.1/../../../../arm-none-eabi/lib/thumb/v6-m/nofp\libc_nano.a(libc_a-findfp.o) (_fwalk_sglue)
C:/ST/STM32CubeIDE_1.17.0/STM32CubeIDE/plugins/com.st.stm32cube.ide.mcu.externaltools.gnu-tools-for-stm32.12.3.rel1.win32_1.1.0.202410251130/tools/bin/../lib/gcc/arm-none-eabi/12.3.1/../../../../arm-none-eabi/lib/thumb/v6-m/nofp\libc_nano.a(libc_a-stdio.o)
                              C:/ST/STM32CubeIDE_1.17.0/STM32CubeIDE/plugins/com.st.stm32cube.ide.mcu.externaltools.gnu-tools-for-stm32.12.3.rel1.win32_1.1.0.202410251130/tools/bin/../lib/gcc/arm-none-eabi/12.3.1/../../../../arm-none-eabi/lib/thumb/v6-m/nofp\libc_nano.a(libc_a-findfp.o) (__sread)
C:/ST/STM32CubeIDE_1.17.0/STM32CubeIDE/plugins/com.st.stm32cube.ide.mcu.externaltools.gnu-tools-for-stm32.12.3.rel1.win32_1.1.0.202410251130/tools/bin/../lib/gcc/arm-none-eabi/12.3.1/../../../../arm-none-eabi/lib/thumb/v6-m/nofp\libc_nano.a(libc_a-memset.o)
                              C:/ST/STM32CubeIDE_1.17.0/STM32CubeIDE/plugins/com.st.stm32cube.ide.mcu.externaltools.gnu-tools-for-stm32.12.3.rel1.win32_1.1.0.202410251130/tools/bin/../lib/gcc/arm-none-eabi/12.3.1/../../../../arm-none-eabi/lib/thumb/v6-m/nofp/crt0.o (memset)
C:/ST/STM32CubeIDE_1.17.0/STM32CubeIDE/plugins/com.st.stm32cube.ide.mcu.externaltools.gnu-tools-for-stm32.12.3.rel1.win32_1.1.0.202410251130/tools/bin/../lib/gcc/arm-none-eabi/12.3.1/../../../../arm-none-eabi/lib/thumb/v6-m/nofp\libc_nano.a(libc_a-closer.o)
                              C:/ST/STM32CubeIDE_1.17.0/STM32CubeIDE/plugins/com.st.stm32cube.ide.mcu.externaltools.gnu-tools-for-stm32.12.3.rel1.win32_1.1.0.202410251130/tools/bin/../lib/gcc/arm-none-eabi/12.3.1/../../../../arm-none-eabi/lib/thumb/v6-m/nofp\libc_nano.a(libc_a-stdio.o) (_close_r)
C:/ST/STM32CubeIDE_1.17.0/STM32CubeIDE/plugins/com.st.stm32cube.ide.mcu.externaltools.gnu-tools-for-stm32.12.3.rel1.win32_1.1.0.202410251130/tools/bin/../lib/gcc/arm-none-eabi/12.3.1/../../../../arm-none-eabi/lib/thumb/v6-m/nofp\libc_nano.a(libc_a-reent.o)
                              C:/ST/STM32CubeIDE_1.17.0/STM32CubeIDE/plugins/com.st.stm32cube.ide.mcu.externaltools.gnu-tools-for-stm32.12.3.rel1.win32_1.1.0.202410251130/tools/bin/../lib/gcc/arm-none-eabi/12.3.1/../../../../arm-none-eabi/lib/thumb/v6-m/nofp\libc_nano.a(libc_a-closer.o) (errno)
C:/ST/STM32CubeIDE_1.17.0/STM32CubeIDE/plugins/com.st.stm32cube.ide.mcu.externaltools.gnu-tools-for-stm32.12.3.rel1.win32_1.1.0.202410251130/tools/bin/../lib/gcc/arm-none-eabi/12.3.1/../../../../arm-none-eabi/lib/thumb/v6-m/nofp\libc_nano.a(libc_a-impure.o)
                              C:/ST/STM32CubeIDE_1.17.0/STM32CubeIDE/plugins/com.st.stm32cube.ide.mcu.externaltools.gnu-tools-for-stm32.12.3.rel1.win32_1.1.0.202410251130/tools/bin/../lib/gcc/arm-none-eabi/12.3.1/../../../../arm-none-eabi/lib/thumb/v6-m/nofp\libc_nano.a(libc_a-reent.o) (_impure_ptr)
C:/ST/STM32CubeIDE_1.17.0/STM32CubeIDE/plugins/com.st.stm32cube.ide.mcu.externaltools.gnu-tools-for-stm32.12.3.rel1.win32_1.1.0.202410251130/tools/bin/../lib/gcc/arm-none-eabi/12.3.1/../../../../arm-none-eabi/lib/thumb/v6-m/nofp\libc_nano.a(libc_a-lseekr.o)
[...]
Memory Configuration

Name             Origin             Length             Attributes
RAM              0x20000000         0x00004000         xrw
FLASH            0x08000000         0x00020000         xr
*default*        0x00000000         0xffffffff

Linker script and memory map

LOAD C:/ST/STM32CubeIDE_1.17.0/STM32CubeIDE/plugins/com.st.stm32cube.ide.mcu.externaltools.gnu-tools-for-stm32.12.3.rel1.win32_1.1.0.202410251130/tools/bin/../lib/gcc/arm-none-eabi/12.3.1/thumb/v6-m/nofp/crti.o
LOAD C:/ST/STM32CubeIDE_1.17.0/STM32CubeIDE/plugins/com.st.stm32cube.ide.mcu.externaltools.gnu-tools-for-stm32.12.3.rel1.win32_1.1.0.202410251130/tools/bin/../lib/gcc/arm-none-eabi/12.3.1/thumb/v6-m/nofp/crtbegin.o
LOAD C:/ST/STM32CubeIDE_1.17.0/STM32CubeIDE/plugins/com.st.stm32cube.ide.mcu.externaltools.gnu-tools-for-stm32.12.3.rel1.win32_1.1.0.202410251130/tools/bin/../lib/gcc/arm-none-eabi/12.3.1/../../../../arm-none-eabi/lib/thumb/v6-m/nofp/crt0.o
LOAD ./Core/Src/keyboard.o
LOAD ./Core/Src/main.o
LOAD ./Core/Src/stm32f0xx_hal_msp.o
LOAD ./Core/Src/stm32f0xx_it.o
LOAD ./Core/Src/syscalls.o
LOAD ./Core/Src/sysmem.o
LOAD ./Core/Src/system_stm32f0xx.o
LOAD ./Core/Startup/startup_stm32f072cbtx.o
LOAD ./Drivers/STM32F0xx_HAL_Driver/Src/stm32f0xx_hal.o
LOAD ./Drivers/STM32F0xx_HAL_Driver/Src/stm32f0xx_hal_cortex.o
LOAD ./Drivers/STM32F0xx_HAL_Driver/Src/stm32f0xx_hal_dma.o
LOAD ./Drivers/STM32F0xx_HAL_Driver/Src/stm32f0xx_hal_exti.o
LOAD ./Drivers/STM32F0xx_HAL_Driver/Src/stm32f0xx_hal_flash.o
LOAD ./Drivers/STM32F0xx_HAL_Driver/Src/stm32f0xx_hal_flash_ex.o
LOAD ./Drivers/STM32F0xx_HAL_Driver/Src/stm32f0xx_hal_gpio.o
LOAD ./Drivers/STM32F0xx_HAL_Driver/Src/stm32f0xx_hal_i2c.o
LOAD ./Drivers/STM32F0xx_HAL_Driver/Src/stm32f0xx_hal_i2c_ex.o
LOAD ./Drivers/STM32F0xx_HAL_Driver/Src/stm32f0xx_hal_pcd.o
LOAD ./Drivers/STM32F0xx_HAL_Driver/Src/stm32f0xx_hal_pcd_ex.o
LOAD ./Drivers/STM32F0xx_HAL_Driver/Src/stm32f0xx_hal_pwr.o
LOAD ./Drivers/STM32F0xx_HAL_Driver/Src/stm32f0xx_hal_pwr_ex.o
LOAD ./Drivers/STM32F0xx_HAL_Driver/Src/stm32f0xx_hal_rcc.o
LOAD ./Drivers/STM32F0xx_HAL_Driver/Src/stm32f0xx_hal_rcc_ex.o
LOAD ./Drivers/STM32F0xx_HAL_Driver/Src/stm32f0xx_hal_tim.o
LOAD ./Drivers/STM32F0xx_HAL_Driver/Src/stm32f0xx_hal_tim_ex.o
LOAD ./Drivers/STM32F0xx_HAL_Driver/Src/stm32f0xx_ll_exti.o
LOAD ./Drivers/STM32F0xx_HAL_Driver/Src/stm32f0xx_ll_gpio.o
LOAD ./Drivers/STM32F0xx_HAL_Driver/Src/stm32f0xx_ll_rcc.o
LOAD ./Drivers/STM32F0xx_HAL_Driver/Src/stm32f0xx_ll_usb.o
LOAD ./Drivers/STM32F0xx_HAL_Driver/Src/stm32f0xx_ll_utils.o
LOAD ./Middlewares/ST/STM32_USB_Device_Library/Class/HID/Src/usbd_hid.o
LOAD ./Middlewares/ST/STM32_USB_Device_Library/Core/Src/usbd_core.o
LOAD ./Middlewares/ST/STM32_USB_Device_Library/Core/Src/usbd_ctlreq.o
LOAD ./Middlewares/ST/STM32_USB_Device_Library/Core/Src/usbd_ioreq.o
LOAD ./USB_DEVICE/App/usb_device.o
LOAD ./USB_DEVICE/App/usbd_desc.o
LOAD ./USB_DEVICE/Target/usbd_conf.o
START GROUP
LOAD C:/ST/STM32CubeIDE_1.17.0/STM32CubeIDE/plugins/com.st.stm32cube.ide.mcu.externaltools.gnu-tools-for-stm32.12.3.rel1.win32_1.1.0.202410251130/tools/bin/../lib/gcc/arm-none-eabi/12.3.1/../../../../arm-none-eabi/lib/thumb/v6-m/nofp\libc_nano.a
LOAD C:/ST/STM32CubeIDE_1.17.0/STM32CubeIDE/plugins/com.st.stm32cube.ide.mcu.externaltools.gnu-tools-for-stm32.12.3.rel1.win32_1.1.0.202410251130/tools/bin/../lib/gcc/arm-none-eabi/12.3.1/../../../../arm-none-eabi/lib/thumb/v6-m/nofp\libm.a
END GROUP
START GROUP
LOAD C:/ST/STM32CubeIDE_1.17.0/STM32CubeIDE/plugins/com.st.stm32cube.ide.mcu.externaltools.gnu-tools-for-stm32.12.3.rel1.win32_1.1.0.202410251130/tools/bin/../lib/gcc/arm-none-eabi/12.3.1/thumb/v6-m/nofp\libgcc.a
LOAD C:/ST/STM32CubeIDE_1.17.0/STM32CubeIDE/plugins/com.st.stm32cube.ide.mcu.externaltools.gnu-tools-for-stm32.12.3.rel1.win32_1.1.0.202410251130/tools/bin/../lib/gcc/arm-none-eabi/12.3.1/../../../../arm-none-eabi/lib/thumb/v6-m/nofp\libc_nano.a
END GROUP
START GROUP
LOAD C:/ST/STM32CubeIDE_1.17.0/STM32CubeIDE/plugins/com.st.stm32cube.ide.mcu.externaltools.gnu-tools-for-stm32.12.3.rel1.win32_1.1.0.202410251130/tools/bin/../lib/gcc/arm-none-eabi/12.3.1/thumb/v6-m/nofp\libgcc.a
LOAD C:/ST/STM32CubeIDE_1.17.0/STM32CubeIDE/plugins/com.st.stm32cube.ide.mcu.externaltools.gnu-tools-for-stm32.12.3.rel1.win32_1.1.0.202410251130/tools/bin/../lib/gcc/arm-none-eabi/12.3.1/../../../../arm-none-eabi/lib/thumb/v6-m/nofp\libc_nano.a
LOAD C:/ST/STM32CubeIDE_1.17.0/STM32CubeIDE/plugins/com.st.stm32cube.ide.mcu.externaltools.gnu-tools-for-stm32.12.3.rel1.win32_1.1.0.202410251130/tools/bin/../lib/gcc/arm-none-eabi/12.3.1/../../../../arm-none-eabi/lib/thumb/v6-m/nofp\libnosys.a
END GROUP
START GROUP
LOAD C:/ST/STM32CubeIDE_1.17.0/STM32CubeIDE/plugins/com.st.stm32cube.ide.mcu.externaltools.gnu-tools-for-stm32.12.3.rel1.win32_1.1.0.202410251130/tools/bin/../lib/gcc/arm-none-eabi/12.3.1/thumb/v6-m/nofp\libgcc.a
LOAD C:/ST/STM32CubeIDE_1.17.0/STM32CubeIDE/plugins/com.st.stm32cube.ide.mcu.externaltools.gnu-tools-for-stm32.12.3.rel1.win32_1.1.0.202410251130/tools/bin/../lib/gcc/arm-none-eabi/12.3.1/../../../../arm-none-eabi/lib/thumb/v6-m/nofp\libc_nano.a
LOAD C:/ST/STM32CubeIDE_1.17.0/STM32CubeIDE/plugins/com.st.stm32cube.ide.mcu.externaltools.gnu-tools-for-stm32.12.3.rel1.win32_1.1.0.202410251130/tools/bin/../lib/gcc/arm-none-eabi/12.3.1/../../../../arm-none-eabi/lib/thumb/v6-m/nofp\libnosys.a
END GROUP
LOAD C:/ST/STM32CubeIDE_1.17.0/STM32CubeIDE/plugins/com.st.stm32cube.ide.mcu.externaltools.gnu-tools-for-stm32.12.3.rel1.win32_1.1.0.202410251130/tools/bin/../lib/gcc/arm-none-eabi/12.3.1/thumb/v6-m/nofp/crtend.o
LOAD C:/ST/STM32CubeIDE_1.17.0/STM32CubeIDE/plugins/com.st.stm32cube.ide.mcu.externaltools.gnu-tools-for-stm32.12.3.rel1.win32_1.1.0.202410251130/tools/bin/../lib/gcc/arm-none-eabi/12.3.1/thumb/v6-m/nofp/crtn.o
                0x20004000                        _estack = (ORIGIN (RAM) + LENGTH (RAM))
                0x00000200                        _Min_Heap_Size = 0x200
                0x00000400                        _Min_Stack_Size = 0x400

.isr_vector     0x08000000       0xc0
                0x08000000                        . = ALIGN (0x4)
 *(.isr_vector)
 .isr_vector    0x08000000       0xc0 ./Core/Startup/startup_stm32f072cbtx.o
                0x08000000                g_pfnVectors
                0x080000c0                        . = ALIGN (0x4)

.text           0x080000c0     0x82e8
                0x080000c0                        . = ALIGN (0x4)
 *(.text)
 .text          0x080000c0       0x48 C:/ST/STM32CubeIDE_1.17.0/STM32CubeIDE/plugins/com.st.stm32cube.ide.mcu.externaltools.gnu-tools-for-stm32.12.3.rel1.win32_1.1.0.202410251130/tools/bin/../lib/gcc/arm-none-eabi/12.3.1/thumb/v6-m/nofp/crtbegin.o
 .text          0x08000108      0x114 C:/ST/STM32CubeIDE_1.17.0/STM32CubeIDE/plugins/com.st.stm32cube.ide.mcu.externaltools.gnu-tools-for-stm32.12.3.rel1.win32_1.1.0.202410251130/tools/bin/../lib/gcc/arm-none-eabi/12.3.1/thumb/v6-m/nofp\libgcc.a(_udivsi3.o)
                0x08000108                __aeabi_uidiv
                0x08000108                __udivsi3
                0x08000214                __aeabi_uidivmod
 .text          0x0800021c        0x4 C:/ST/STM32CubeIDE_1.17.0/STM32CubeIDE/plugins/com.st.stm32cube.ide.mcu.externaltools.gnu-tools-for-stm32.12.3.rel1.win32_1.1.0.202410251130/tools/bin/../lib/gcc/arm-none-eabi/12.3.1/thumb/v6-m/nofp\libgcc.a(_dvmd_tls.o)
                0x0800021c                __aeabi_idiv0
                0x0800021c                __aeabi_ldiv0
 *(.text*)
 .text.LL_GPIO_IsInputPinSet
                0x08000220       0x24 ./Core/Src/keyboard.o
 .text.LL_GPIO_SetOutputPin
                0x08000244       0x18 ./Core/Src/keyboard.o
 .text.LL_GPIO_ResetOutputPin
                0x0800025c       0x18 ./Core/Src/keyboard.o
 .text.scanMatrix
                0x08000274       0xfc ./Core/Src/keyboard.o
                0x08000274                scanMatrix
 .text.isModifierKey
                0x08000370       0x5a ./Core/Src/keyboard.o
                0x08000370                isModifierKey
 *fill*         0x080003ca        0x2 
 .text.fillHidInputBuffer
                0x080003cc      0x120 ./Core/Src/keyboard.o
                0x080003cc                fillHidInputBuffer
 .text.fillHidInputReport
                0x080004ec       0x3c ./Core/Src/keyboard.o
                0x080004ec                fillHidInputReport
 .text.sendHidReport
                0x08000528       0x24 ./Core/Src/keyboard.o
                0x08000528                sendHidReport
 .text.LL_GPIO_ResetOutputPin
                0x0800054c       0x18 ./Core/Src/main.o
 .text.LL_AHB1_GRP1_EnableClock
                0x08000564       0x2c ./Core/Src/main.o
 .text.main     0x08000590       0x48 ./Core/Src/main.o
                0x08000590                main
 .text.SystemClock_Config
                0x080005d8       0xa8 ./Core/Src/main.o
                0x080005d8                SystemClock_Config
 .text.MX_TIM1_Init
                0x08000680       0xb4 ./Core/Src/main.o
 .text.MX_GPIO_Init
                0x08000734      0x340 ./Core/Src/main.o
 .text.HAL_TIM_PeriodElapsedCallback
                0x08000a74       0x28 ./Core/Src/main.o
                0x08000a74                HAL_TIM_PeriodElapsedCallback
 .text.Error_Handler
                0x08000a9c        0xc ./Core/Src/main.o
                0x08000a9c                Error_Handler
 .text.HAL_MspInit
                0x08000aa8       0x48 ./Core/Src/stm32f0xx_hal_msp.o
                0x08000aa8                HAL_MspInit
 .text.HAL_TIM_Base_MspInit
                0x08000af0       0x60 ./Core/Src/stm32f0xx_hal_msp.o
                0x08000af0                HAL_TIM_Base_MspInit
 .text.NMI_Handler
                0x08000b50        0x8 ./Core/Src/stm32f0xx_it.o
                0x08000b50                NMI_Handler
 .text.HardFault_Handler
                0x08000b58        0x8 ./Core/Src/stm32f0xx_it.o
                0x08000b58                HardFault_Handler
 .text.SVC_Handler
                0x08000b60        0xa ./Core/Src/stm32f0xx_it.o
                0x08000b60                SVC_Handler
 .text.PendSV_Handler
                0x08000b6a        0xa ./Core/Src/stm32f0xx_it.o
                0x08000b6a                PendSV_Handler
 .text.SysTick_Handler
                0x08000b74        0xe ./Core/Src/stm32f0xx_it.o
                0x08000b74                SysTick_Handler
 *fill*         0x08000b82        0x2 
 .text.TIM1_BRK_UP_TRG_COM_IRQHandler
                0x08000b84       0x18 ./Core/Src/stm32f0xx_it.o
                0x08000b84                TIM1_BRK_UP_TRG_COM_IRQHandler
 .text.TIM1_CC_IRQHandler
                0x08000b9c       0x18 ./Core/Src/stm32f0xx_it.o
                0x08000b9c                TIM1_CC_IRQHandler
 .text.USB_IRQHandler
                0x08000bb4       0x18 ./Core/Src/stm32f0xx_it.o
                0x08000bb4                USB_IRQHandler
 .text.SystemInit
                0x08000bcc        0xa ./Core/Src/system_stm32f0xx.o
                0x08000bcc                SystemInit
 *fill*         0x08000bd6        0x2 
 .text.Reset_Handler
                0x08000bd8       0x50 ./Core/Startup/startup_stm32f072cbtx.o
                0x08000bd8                Reset_Handler
 .text.Default_Handler
                0x08000c28        0x2 ./Core/Startup/startup_stm32f072cbtx.o
                0x08000c28                TSC_IRQHandler
                0x08000c28                ADC1_COMP_IRQHandler
                0x08000c28                I2C1_IRQHandler
                0x08000c28                RCC_CRS_IRQHandler
                0x08000c28                SPI1_IRQHandler
                0x08000c28                TIM6_DAC_IRQHandler
                0x08000c28                USART3_4_IRQHandler
                0x08000c28                EXTI2_3_IRQHandler
                0x08000c28                I2C2_IRQHandler
                0x08000c28                TIM17_IRQHandler
                0x08000c28                CEC_CAN_IRQHandler
                0x08000c28                RTC_IRQHandler
                0x08000c28                PVD_VDDIO2_IRQHandler
                0x08000c28                DMA1_Channel4_5_6_7_IRQHandler
                0x08000c28                TIM16_IRQHandler
                0x08000c28                TIM3_IRQHandler
                0x08000c28                EXTI4_15_IRQHandler
                0x08000c28                DMA1_Channel1_IRQHandler
                0x08000c28                Default_Handler
                0x08000c28                TIM14_IRQHandler
                0x08000c28                TIM7_IRQHandler
                0x08000c28                TIM15_IRQHandler
                0x08000c28                EXTI0_1_IRQHandler
                0x08000c28                SPI2_IRQHandler
                0x08000c28                WWDG_IRQHandler
                0x08000c28                TIM2_IRQHandler
                0x08000c28                DMA1_Channel2_3_IRQHandler
                0x08000c28                USART2_IRQHandler
                0x08000c28                FLASH_IRQHandler
                0x08000c28                USART1_IRQHandler
 *fill*         0x08000c2a        0x2 
 .text.HAL_Init
                0x08000c2c       0x28 ./Drivers/STM32F0xx_HAL_Driver/Src/stm32f0xx_hal.o
                0x08000c2c                HAL_Init
 .text.HAL_InitTick
                0x08000c54       0x68 ./Drivers/STM32F0xx_HAL_Driver/Src/stm32f0xx_hal.o
                0x08000c54                HAL_InitTick
 .text.HAL_IncTick
                0x08000cbc       0x24 ./Drivers/STM32F0xx_HAL_Driver/Src/stm32f0xx_hal.o
                0x08000cbc                HAL_IncTick
 .text.HAL_GetTick
                0x08000ce0       0x14 ./Drivers/STM32F0xx_HAL_Driver/Src/stm32f0xx_hal.o
                0x08000ce0                HAL_GetTick
 .text.HAL_Delay
                0x08000cf4       0x48 ./Drivers/STM32F0xx_HAL_Driver/Src/stm32f0xx_hal.o
                0x08000cf4                HAL_Delay
 .text.__NVIC_EnableIRQ
                0x08000d3c       0x34 ./Drivers/STM32F0xx_HAL_Driver/Src/stm32f0xx_hal_cortex.o
 .text.__NVIC_SetPriority
                0x08000d70       0xdc ./Drivers/STM32F0xx_HAL_Driver/Src/stm32f0xx_hal_cortex.o
 .text.SysTick_Config
                0x08000e4c       0x48 ./Drivers/STM32F0xx_HAL_Driver/Src/stm32f0xx_hal_cortex.o
 .text.HAL_NVIC_SetPriority
                0x08000e94       0x2a ./Drivers/STM32F0xx_HAL_Driver/Src/stm32f0xx_hal_cortex.o
                0x08000e94                HAL_NVIC_SetPriority
 .text.HAL_NVIC_EnableIRQ
                0x08000ebe       0x20 ./Drivers/STM32F0xx_HAL_Driver/Src/stm32f0xx_hal_cortex.o
                0x08000ebe                HAL_NVIC_EnableIRQ
 .text.HAL_SYSTICK_Config
                0x08000ede       0x1a ./Drivers/STM32F0xx_HAL_Driver/Src/stm32f0xx_hal_cortex.o
                0x08000ede                HAL_SYSTICK_Config
 .text.HAL_PCD_Init
                0x08000ef8      0x1e8 ./Drivers/STM32F0xx_HAL_Driver/Src/stm32f0xx_hal_pcd.o
                0x08000ef8                HAL_PCD_Init
 .text.HAL_PCD_Start
                0x080010e0       0x4a ./Drivers/STM32F0xx_HAL_Driver/Src/stm32f0xx_hal_pcd.o
                0x080010e0                HAL_PCD_Start
 *fill*         0x0800112a        0x2 
 .text.HAL_PCD_IRQHandler
                0x0800112c      0x288 ./Drivers/STM32F0xx_HAL_Driver/Src/stm32f0xx_hal_pcd.o
                0x0800112c                HAL_PCD_IRQHandler
 .text.HAL_PCD_SetAddress
                0x080013b4       0x54 ./Drivers/STM32F0xx_HAL_Driver/Src/stm32f0xx_hal_pcd.o
                0x080013b4                HAL_PCD_SetAddress
 .text.HAL_PCD_EP_Open
                0x08001408       0xde ./Drivers/STM32F0xx_HAL_Driver/Src/stm32f0xx_hal_pcd.o
                0x08001408                HAL_PCD_EP_Open
 .text.HAL_PCD_EP_Close
                0x080014e6       0xa2 ./Drivers/STM32F0xx_HAL_Driver/Src/stm32f0xx_hal_pcd.o
                0x080014e6                HAL_PCD_EP_Close
 .text.HAL_PCD_EP_Receive
                0x08001588       0x6e ./Drivers/STM32F0xx_HAL_Driver/Src/stm32f0xx_hal_pcd.o
                0x08001588                HAL_PCD_EP_Receive
 .text.HAL_PCD_EP_Transmit
                0x080015f6       0x78 ./Drivers/STM32F0xx_HAL_Driver/Src/stm32f0xx_hal_pcd.o
                0x080015f6                HAL_PCD_EP_Transmit
 .text.HAL_PCD_EP_SetStall
                0x0800166e       0xb8 ./Drivers/STM32F0xx_HAL_Driver/Src/stm32f0xx_hal_pcd.o
                0x0800166e                HAL_PCD_EP_SetStall
 .text.HAL_PCD_EP_ClrStall
                0x08001726       0xbc ./Drivers/STM32F0xx_HAL_Driver/Src/stm32f0xx_hal_pcd.o
                0x08001726                HAL_PCD_EP_ClrStall
 *fill*         0x080017e2        0x2 
 .text.PCD_EP_ISR_Handler
                0x080017e4      0x808 ./Drivers/STM32F0xx_HAL_Driver/Src/stm32f0xx_hal_pcd.o
 .text.HAL_PCD_EP_DB_Receive
                0x08001fec      0x238 ./Drivers/STM32F0xx_HAL_Driver/Src/stm32f0xx_hal_pcd.o
 .text.HAL_PCD_EP_DB_Transmit
                0x08002224      0x820 ./Drivers/STM32F0xx_HAL_Driver/Src/stm32f0xx_hal_pcd.o
 .text.HAL_PCDEx_PMAConfig
                0x08002a44       0x9c ./Drivers/STM32F0xx_HAL_Driver/Src/stm32f0xx_hal_pcd_ex.o
                0x08002a44                HAL_PCDEx_PMAConfig
 .text.HAL_PCDEx_ActivateLPM
                0x08002ae0       0x54 ./Drivers/STM32F0xx_HAL_Driver/Src/stm32f0xx_hal_pcd_ex.o
                0x08002ae0                HAL_PCDEx_ActivateLPM
 .text.HAL_PCDEx_LPM_Callback
                0x08002b34       0x16 ./Drivers/STM32F0xx_HAL_Driver/Src/stm32f0xx_hal_pcd_ex.o
                0x08002b34                HAL_PCDEx_LPM_Callback
 *fill*         0x08002b4a        0x2 
 .text.HAL_RCC_OscConfig
                0x08002b4c      0x70c ./Drivers/STM32F0xx_HAL_Driver/Src/stm32f0xx_hal_rcc.o
                0x08002b4c                HAL_RCC_OscConfig
 .text.HAL_RCC_ClockConfig
                0x08003258      0x1b4 ./Drivers/STM32F0xx_HAL_Driver/Src/stm32f0xx_hal_rcc.o
                0x08003258                HAL_RCC_ClockConfig
 .text.HAL_RCC_GetSysClockFreq
                0x0800340c       0xe4 ./Drivers/STM32F0xx_HAL_Driver/Src/stm32f0xx_hal_rcc.o
                0x0800340c                HAL_RCC_GetSysClockFreq
 .text.HAL_RCCEx_PeriphCLKConfig
                0x080034f0      0x1fc ./Drivers/STM32F0xx_HAL_Driver/Src/stm32f0xx_hal_rcc_ex.o
                0x080034f0                HAL_RCCEx_PeriphCLKConfig
 .text.HAL_TIM_Base_Init
                0x080036ec       0xa0 ./Drivers/STM32F0xx_HAL_Driver/Src/stm32f0xx_hal_tim.o
                0x080036ec                HAL_TIM_Base_Init
 .text.HAL_TIM_Base_Start_IT
                0x0800378c       0xa4 ./Drivers/STM32F0xx_HAL_Driver/Src/stm32f0xx_hal_tim.o
                0x0800378c                HAL_TIM_Base_Start_IT
 .text.HAL_TIM_IRQHandler
                0x08003830      0x1dc ./Drivers/STM32F0xx_HAL_Driver/Src/stm32f0xx_hal_tim.o
                0x08003830                HAL_TIM_IRQHandler
 .text.HAL_TIM_ConfigClockSource
                0x08003a0c      0x1a8 ./Drivers/STM32F0xx_HAL_Driver/Src/stm32f0xx_hal_tim.o
                0x08003a0c                HAL_TIM_ConfigClockSource
 .text.HAL_TIM_OC_DelayElapsedCallback
                0x08003bb4       0x10 ./Drivers/STM32F0xx_HAL_Driver/Src/stm32f0xx_hal_tim.o
                0x08003bb4                HAL_TIM_OC_DelayElapsedCallback
 .text.HAL_TIM_IC_CaptureCallback
                0x08003bc4       0x10 ./Drivers/STM32F0xx_HAL_Driver/Src/stm32f0xx_hal_tim.o
                0x08003bc4                HAL_TIM_IC_CaptureCallback
 .text.HAL_TIM_PWM_PulseFinishedCallback
                0x08003bd4       0x10 ./Drivers/STM32F0xx_HAL_Driver/Src/stm32f0xx_hal_tim.o
                0x08003bd4                HAL_TIM_PWM_PulseFinishedCallback
 .text.HAL_TIM_TriggerCallback
                0x08003be4       0x10 ./Drivers/STM32F0xx_HAL_Driver/Src/stm32f0xx_hal_tim.o
                0x08003be4                HAL_TIM_TriggerCallback
 .text.TIM_Base_SetConfig
                0x08003bf4      0x11c ./Drivers/STM32F0xx_HAL_Driver/Src/stm32f0xx_hal_tim.o
                0x08003bf4                TIM_Base_SetConfig
 .text.TIM_TI1_ConfigInputStage
                0x08003d10       0x5c ./Drivers/STM32F0xx_HAL_Driver/Src/stm32f0xx_hal_tim.o
 .text.TIM_TI2_ConfigInputStage
                0x08003d6c       0x64 ./Drivers/STM32F0xx_HAL_Driver/Src/stm32f0xx_hal_tim.o
 .text.TIM_ITRx_SetConfig
                0x08003dd0       0x32 ./Drivers/STM32F0xx_HAL_Driver/Src/stm32f0xx_hal_tim.o
 *fill*         0x08003e02        0x2 
 .text.TIM_ETR_SetConfig
                0x08003e04       0x40 ./Drivers/STM32F0xx_HAL_Driver/Src/stm32f0xx_hal_tim.o
                0x08003e04                TIM_ETR_SetConfig
 .text.HAL_TIMEx_MasterConfigSynchronization
                0x08003e44       0xbc ./Drivers/STM32F0xx_HAL_Driver/Src/stm32f0xx_hal_tim_ex.o
                0x08003e44                HAL_TIMEx_MasterConfigSynchronization
 .text.HAL_TIMEx_CommutCallback
                0x08003f00       0x10 ./Drivers/STM32F0xx_HAL_Driver/Src/stm32f0xx_hal_tim_ex.o
                0x08003f00                HAL_TIMEx_CommutCallback
 .text.HAL_TIMEx_BreakCallback
                0x08003f10       0x10 ./Drivers/STM32F0xx_HAL_Driver/Src/stm32f0xx_hal_tim_ex.o
                0x08003f10                HAL_TIMEx_BreakCallback
 .text.LL_GPIO_SetPinMode
                0x08003f20       0x38 ./Drivers/STM32F0xx_HAL_Driver/Src/stm32f0xx_ll_gpio.o
 .text.LL_GPIO_SetPinOutputType
                0x08003f58       0x2a ./Drivers/STM32F0xx_HAL_Driver/Src/stm32f0xx_ll_gpio.o
 .text.LL_GPIO_SetPinSpeed
                0x08003f82       0x38 ./Drivers/STM32F0xx_HAL_Driver/Src/stm32f0xx_ll_gpio.o
 .text.LL_GPIO_SetPinPull
                0x08003fba       0x38 ./Drivers/STM32F0xx_HAL_Driver/Src/stm32f0xx_ll_gpio.o
 .text.LL_GPIO_SetAFPin_0_7
                0x08003ff2       0x46 ./Drivers/STM32F0xx_HAL_Driver/Src/stm32f0xx_ll_gpio.o
 .text.LL_GPIO_SetAFPin_8_15
                0x08004038       0x5a ./Drivers/STM32F0xx_HAL_Driver/Src/stm32f0xx_ll_gpio.o
 .text.LL_GPIO_Init
                0x08004092       0xb8 ./Drivers/STM32F0xx_HAL_Driver/Src/stm32f0xx_ll_gpio.o
                0x08004092                LL_GPIO_Init
 *fill*         0x0800414a        0x2 
 .text.USB_EnableGlobalInt
                0x0800414c       0x2c ./Drivers/STM32F0xx_HAL_Driver/Src/stm32f0xx_ll_usb.o
                0x0800414c                USB_EnableGlobalInt
 .text.USB_DisableGlobalInt
                0x08004178       0x34 ./Drivers/STM32F0xx_HAL_Driver/Src/stm32f0xx_ll_usb.o
                0x08004178                USB_DisableGlobalInt
 .text.USB_DevInit
                0x080041ac       0x38 ./Drivers/STM32F0xx_HAL_Driver/Src/stm32f0xx_ll_usb.o
                0x080041ac                USB_DevInit
 .text.USB_ActivateEndpoint
                0x080041e4      0x750 ./Drivers/STM32F0xx_HAL_Driver/Src/stm32f0xx_ll_usb.o
                0x080041e4                USB_ActivateEndpoint
 .text.USB_DeactivateEndpoint
                0x08004934      0x380 ./Drivers/STM32F0xx_HAL_Driver/Src/stm32f0xx_ll_usb.o
                0x08004934                USB_DeactivateEndpoint
 .text.USB_EPStartXfer
                0x08004cb4     0x1260 ./Drivers/STM32F0xx_HAL_Driver/Src/stm32f0xx_ll_usb.o
                0x08004cb4                USB_EPStartXfer
 .text.USB_EPSetStall
                0x08005f14       0xa0 ./Drivers/STM32F0xx_HAL_Driver/Src/stm32f0xx_ll_usb.o
                0x08005f14                USB_EPSetStall
 .text.USB_EPClearStall
                0x08005fb4      0x164 ./Drivers/STM32F0xx_HAL_Driver/Src/stm32f0xx_ll_usb.o
                0x08005fb4                USB_EPClearStall
 .text.USB_SetDevAddress
                0x08006118       0x28 ./Drivers/STM32F0xx_HAL_Driver/Src/stm32f0xx_ll_usb.o
                0x08006118                USB_SetDevAddress
 .text.USB_DevConnect
                0x08006140       0x2c ./Drivers/STM32F0xx_HAL_Driver/Src/stm32f0xx_ll_usb.o
                0x08006140                USB_DevConnect
 .text.USB_ReadInterrupts
                0x0800616c       0x1c ./Drivers/STM32F0xx_HAL_Driver/Src/stm32f0xx_ll_usb.o
                0x0800616c                USB_ReadInterrupts
 .text.USB_WritePMA
                0x08006188       0x92 ./Drivers/STM32F0xx_HAL_Driver/Src/stm32f0xx_ll_usb.o
                0x08006188                USB_WritePMA
 .text.USB_ReadPMA
                0x0800621a       0x9e ./Drivers/STM32F0xx_HAL_Driver/Src/stm32f0xx_ll_usb.o
                0x0800621a                USB_ReadPMA
 .text.USBD_HID_Init
                0x080062b8       0x56 ./Middlewares/ST/STM32_USB_Device_Library/Class/HID/Src/usbd_hid.o
 .text.USBD_HID_DeInit
                0x0800630e       0x4c ./Middlewares/ST/STM32_USB_Device_Library/Class/HID/Src/usbd_hid.o
 *fill*         0x0800635a        0x2 
 .text.USBD_HID_Setup
                0x0800635c      0x21c ./Middlewares/ST/STM32_USB_Device_Library/Class/HID/Src/usbd_hid.o
 .text.USBD_HID_SendReport
                0x08006578       0x4a ./Middlewares/ST/STM32_USB_Device_Library/Class/HID/Src/usbd_hid.o
                0x08006578                USBD_HID_SendReport
 *fill*         0x080065c2        0x2 
 .text.USBD_HID_GetFSCfgDesc
                0x080065c4       0x1c ./Middlewares/ST/STM32_USB_Device_Library/Class/HID/Src/usbd_hid.o
 .text.USBD_HID_GetHSCfgDesc
                0x080065e0       0x1c ./Middlewares/ST/STM32_USB_Device_Library/Class/HID/Src/usbd_hid.o
 .text.USBD_HID_GetOtherSpeedCfgDesc
                0x080065fc       0x1c ./Middlewares/ST/STM32_USB_Device_Library/Class/HID/Src/usbd_hid.o
 .text.USBD_HID_DataIn
                0x08006618       0x24 ./Middlewares/ST/STM32_USB_Device_Library/Class/HID/Src/usbd_hid.o
 .text.USBD_HID_GetDeviceQualifierDesc
                0x0800663c       0x1c ./Middlewares/ST/STM32_USB_Device_Library/Class/HID/Src/usbd_hid.o
 .text.USBD_Init
                0x08006658       0x62 ./Middlewares/ST/STM32_USB_Device_Library/Core/Src/usbd_core.o
                0x08006658                USBD_Init
 .text.USBD_RegisterClass
                0x080066ba       0x40 ./Middlewares/ST/STM32_USB_Device_Library/Core/Src/usbd_core.o
                0x080066ba                USBD_RegisterClass
 .text.USBD_Start
                0x080066fa       0x1a ./Middlewares/ST/STM32_USB_Device_Library/Core/Src/usbd_core.o
                0x080066fa                USBD_Start
 .text.USBD_RunTestMode
                0x08006714       0x12 ./Middlewares/ST/STM32_USB_Device_Library/Core/Src/usbd_core.o
                0x08006714                USBD_RunTestMode
 .text.USBD_SetClassConfig
                0x08006726       0x4e ./Middlewares/ST/STM32_USB_Device_Library/Core/Src/usbd_core.o
                0x08006726                USBD_SetClassConfig
 .text.USBD_ClrClassConfig
                0x08006774       0x2c ./Middlewares/ST/STM32_USB_Device_Library/Core/Src/usbd_core.o
                0x08006774                USBD_ClrClassConfig
 .text.USBD_LL_SetupStage
                0x080067a0       0xbc ./Middlewares/ST/STM32_USB_Device_Library/Core/Src/usbd_core.o
                0x080067a0                USBD_LL_SetupStage
 .text.USBD_LL_DataOutStage
                0x0800685c      0x104 ./Middlewares/ST/STM32_USB_Device_Library/Core/Src/usbd_core.o
                0x0800685c                USBD_LL_DataOutStage
 .text.USBD_LL_DataInStage
                0x08006960      0x17a ./Middlewares/ST/STM32_USB_Device_Library/Core/Src/usbd_core.o
                0x08006960                USBD_LL_DataInStage
 .text.USBD_LL_Reset
                0x08006ada       0x90 ./Middlewares/ST/STM32_USB_Device_Library/Core/Src/usbd_core.o
                0x08006ada                USBD_LL_Reset
 .text.USBD_LL_SetSpeed
                0x08006b6a       0x20 ./Middlewares/ST/STM32_USB_Device_Library/Core/Src/usbd_core.o
                0x08006b6a                USBD_LL_SetSpeed
 *fill*         0x08006b8a        0x2 
 .text.USBD_LL_Suspend
                0x08006b8c       0x30 ./Middlewares/ST/STM32_USB_Device_Library/Core/Src/usbd_core.o
                0x08006b8c                USBD_LL_Suspend
 .text.USBD_LL_Resume
                0x08006bbc       0x30 ./Middlewares/ST/STM32_USB_Device_Library/Core/Src/usbd_core.o
                0x08006bbc                USBD_LL_Resume
 .text.USBD_LL_SOF
                0x08006bec       0x3c ./Middlewares/ST/STM32_USB_Device_Library/Core/Src/usbd_core.o
                0x08006bec                USBD_LL_SOF
 .text.USBD_StdDevReq
                0x08006c28       0xe4 ./Middlewares/ST/STM32_USB_Device_Library/Core/Src/usbd_ctlreq.o
                0x08006c28                USBD_StdDevReq
 .text.USBD_StdItfReq
                0x08006d0c       0xae ./Middlewares/ST/STM32_USB_Device_Library/Core/Src/usbd_ctlreq.o
                0x08006d0c                USBD_StdItfReq
 .text.USBD_StdEPReq
                0x08006dba      0x36c ./Middlewares/ST/STM32_USB_Device_Library/Core/Src/usbd_ctlreq.o
                0x08006dba                USBD_StdEPReq
 *fill*         0x08007126        0x2 
 .text.USBD_GetDescriptor
                0x08007128      0x364 ./Middlewares/ST/STM32_USB_Device_Library/Core/Src/usbd_ctlreq.o
 .text.USBD_SetAddress
                0x0800748c       0xa8 ./Middlewares/ST/STM32_USB_Device_Library/Core/Src/usbd_ctlreq.o
 .text.USBD_SetConfig
                0x08007534      0x148 ./Middlewares/ST/STM32_USB_Device_Library/Core/Src/usbd_ctlreq.o
 .text.USBD_GetConfig
                0x0800767c       0x76 ./Middlewares/ST/STM32_USB_Device_Library/Core/Src/usbd_ctlreq.o
 .text.USBD_GetStatus
                0x080076f2       0x74 ./Middlewares/ST/STM32_USB_Device_Library/Core/Src/usbd_ctlreq.o
 .text.USBD_SetFeature
                0x08007766       0x2c ./Middlewares/ST/STM32_USB_Device_Library/Core/Src/usbd_ctlreq.o
 .text.USBD_ClrFeature
                0x08007792       0x4c ./Middlewares/ST/STM32_USB_Device_Library/Core/Src/usbd_ctlreq.o
 .text.USBD_ParseSetupRequest
                0x080077de       0x70 ./Middlewares/ST/STM32_USB_Device_Library/Core/Src/usbd_ctlreq.o
                0x080077de                USBD_ParseSetupRequest
 .text.USBD_CtlError
                0x0800784e       0x26 ./Middlewares/ST/STM32_USB_Device_Library/Core/Src/usbd_ctlreq.o
                0x0800784e                USBD_CtlError
 .text.USBD_GetString
                0x08007874       0x9c ./Middlewares/ST/STM32_USB_Device_Library/Core/Src/usbd_ctlreq.o
                0x08007874                USBD_GetString
 .text.USBD_GetLen
                0x08007910       0x3a ./Middlewares/ST/STM32_USB_Device_Library/Core/Src/usbd_ctlreq.o
 .text.USBD_CtlSendData
                0x0800794a       0x40 ./Middlewares/ST/STM32_USB_Device_Library/Core/Src/usbd_ioreq.o
                0x0800794a                USBD_CtlSendData
 .text.USBD_CtlContinueSendData
                0x0800798a       0x26 ./Middlewares/ST/STM32_USB_Device_Library/Core/Src/usbd_ioreq.o
                0x0800798a                USBD_CtlContinueSendData
 .text.USBD_CtlContinueRx
                0x080079b0       0x26 ./Middlewares/ST/STM32_USB_Device_Library/Core/Src/usbd_ioreq.o
                0x080079b0                USBD_CtlContinueRx
 .text.USBD_CtlSendStatus
                0x080079d6       0x28 ./Middlewares/ST/STM32_USB_Device_Library/Core/Src/usbd_ioreq.o
                0x080079d6                USBD_CtlSendStatus
 .text.USBD_CtlReceiveStatus
                0x080079fe       0x28 ./Middlewares/ST/STM32_USB_Device_Library/Core/Src/usbd_ioreq.o
                0x080079fe                USBD_CtlReceiveStatus
 *fill*         0x08007a26        0x2 
 .text.MX_USB_DEVICE_Init
                0x08007a28       0x50 ./USB_DEVICE/App/usb_device.o
                0x08007a28                MX_USB_DEVICE_Init
 .text.USBD_FS_DeviceDescriptor
                0x08007a78       0x24 ./USB_DEVICE/App/usbd_desc.o
                0x08007a78                USBD_FS_DeviceDescriptor
 .text.USBD_FS_LangIDStrDescriptor
                0x08007a9c       0x24 ./USB_DEVICE/App/usbd_desc.o
                0x08007a9c                USBD_FS_LangIDStrDescriptor
 .text.USBD_FS_ProductStrDescriptor
                0x08007ac0       0x44 ./USB_DEVICE/App/usbd_desc.o
                0x08007ac0                USBD_FS_ProductStrDescriptor
 .text.USBD_FS_ManufacturerStrDescriptor
                0x08007b04       0x2c ./USB_DEVICE/App/usbd_desc.o
                0x08007b04                USBD_FS_ManufacturerStrDescriptor
 .text.USBD_FS_SerialStrDescriptor
                0x08007b30       0x28 ./USB_DEVICE/App/usbd_desc.o
                0x08007b30                USBD_FS_SerialStrDescriptor
 .text.USBD_FS_ConfigStrDescriptor
                0x08007b58       0x44 ./USB_DEVICE/App/usbd_desc.o
                0x08007b58                USBD_FS_ConfigStrDescriptor
 .text.USBD_FS_InterfaceStrDescriptor
                0x08007b9c       0x44 ./USB_DEVICE/App/usbd_desc.o
                0x08007b9c                USBD_FS_InterfaceStrDescriptor
 .text.Get_SerialNum
                0x08007be0       0x5c ./USB_DEVICE/App/usbd_desc.o
 .text.IntToUnicode
                0x08007c3c       0x96 ./USB_DEVICE/App/usbd_desc.o
 *fill*         0x08007cd2        0x2 
 .text.HAL_PCD_MspInit
                0x08007cd4       0x50 ./USB_DEVICE/Target/usbd_conf.o
                0x08007cd4                HAL_PCD_MspInit
 .text.HAL_PCD_SetupStageCallback
                0x08007d24       0x2a ./USB_DEVICE/Target/usbd_conf.o
                0x08007d24                HAL_PCD_SetupStageCallback
 .text.HAL_PCD_DataOutStageCallback
                0x08007d4e       0x42 ./USB_DEVICE/Target/usbd_conf.o
                0x08007d4e                HAL_PCD_DataOutStageCallback
 .text.HAL_PCD_DataInStageCallback
                0x08007d90       0x3c ./USB_DEVICE/Target/usbd_conf.o
                0x08007d90                HAL_PCD_DataInStageCallback
 .text.HAL_PCD_SOFCallback
                0x08007dcc       0x1e ./USB_DEVICE/Target/usbd_conf.o
                0x08007dcc                HAL_PCD_SOFCallback
 .text.HAL_PCD_ResetCallback
                0x08007dea       0x48 ./USB_DEVICE/Target/usbd_conf.o
                0x08007dea                HAL_PCD_ResetCallback
 *fill*         0x08007e32        0x2 
 .text.HAL_PCD_SuspendCallback
                0x08007e34       0x38 ./USB_DEVICE/Target/usbd_conf.o
                0x08007e34                HAL_PCD_SuspendCallback
 .text.HAL_PCD_ResumeCallback
                0x08007e6c       0x3c ./USB_DEVICE/Target/usbd_conf.o
                0x08007e6c                HAL_PCD_ResumeCallback
 .text.USBD_LL_Init
                0x08007ea8       0xa0 ./USB_DEVICE/Target/usbd_conf.o
                0x08007ea8                USBD_LL_Init
 .text.USBD_LL_Start
                0x08007f48       0x4a ./USB_DEVICE/Target/usbd_conf.o
                0x08007f48                USBD_LL_Start
 .text.USBD_LL_OpenEP
                0x08007f92       0x6e ./USB_DEVICE/Target/usbd_conf.o
                0x08007f92                USBD_LL_OpenEP
 .text.USBD_LL_CloseEP
                0x08008000       0x56 ./USB_DEVICE/Target/usbd_conf.o
                0x08008000                USBD_LL_CloseEP
 .text.USBD_LL_StallEP
                0x08008056       0x56 ./USB_DEVICE/Target/usbd_conf.o
                0x08008056                USBD_LL_StallEP
 .text.USBD_LL_ClearStallEP
                0x080080ac       0x56 ./USB_DEVICE/Target/usbd_conf.o
                0x080080ac                USBD_LL_ClearStallEP
 .text.USBD_LL_IsStallEP
                0x08008102       0x60 ./USB_DEVICE/Target/usbd_conf.o
                0x08008102                USBD_LL_IsStallEP
 .text.USBD_LL_SetUSBAddress
                0x08008162       0x56 ./USB_DEVICE/Target/usbd_conf.o
                0x08008162                USBD_LL_SetUSBAddress
 .text.USBD_LL_Transmit
                0x080081b8       0x6e ./USB_DEVICE/Target/usbd_conf.o
                0x080081b8                USBD_LL_Transmit
 .text.USBD_LL_PrepareReceive
                0x08008226       0x6e ./USB_DEVICE/Target/usbd_conf.o
                0x08008226                USBD_LL_PrepareReceive
 .text.USBD_static_malloc
                0x08008294       0x18 ./USB_DEVICE/Target/usbd_conf.o
                0x08008294                USBD_static_malloc
 .text.USBD_static_free
                0x080082ac       0x10 ./USB_DEVICE/Target/usbd_conf.o
                0x080082ac                USBD_static_free
 .text.SystemClockConfig_Resume
                0x080082bc        0xe ./USB_DEVICE/Target/usbd_conf.o
 .text.USBD_Get_USB_Status
                0x080082ca       0x6e ./USB_DEVICE/Target/usbd_conf.o
 .text.memset   0x08008338       0x10 C:/ST/STM32CubeIDE_1.17.0/STM32CubeIDE/plugins/com.st.stm32cube.ide.mcu.externaltools.gnu-tools-for-stm32.12.3.rel1.win32_1.1.0.202410251130/tools/bin/../lib/gcc/arm-none-eabi/12.3.1/../../../../arm-none-eabi/lib/thumb/v6-m/nofp\libc_nano.a(libc_a-memset.o)
                0x08008338                memset
 .text.__libc_init_array
                0x08008348       0x48 C:/ST/STM32CubeIDE_1.17.0/STM32CubeIDE/plugins/com.st.stm32cube.ide.mcu.externaltools.gnu-tools-for-stm32.12.3.rel1.win32_1.1.0.202410251130/tools/bin/../lib/gcc/arm-none-eabi/12.3.1/../../../../arm-none-eabi/lib/thumb/v6-m/nofp\libc_nano.a(libc_a-init.o)
                0x08008348                __libc_init_array
 *(.glue_7)
 .glue_7        0x08008390        0x0 linker stubs
 *(.glue_7t)
 .glue_7t       0x08008390        0x0 linker stubs
 *(.eh_frame)
 .eh_frame      0x08008390        0x0 C:/ST/STM32CubeIDE_1.17.0/STM32CubeIDE/plugins/com.st.stm32cube.ide.mcu.externaltools.gnu-tools-for-stm32.12.3.rel1.win32_1.1.0.202410251130/tools/bin/../lib/gcc/arm-none-eabi/12.3.1/thumb/v6-m/nofp/crtbegin.o
 *(.init)
 .init          0x08008390        0x4 C:/ST/STM32CubeIDE_1.17.0/STM32CubeIDE/plugins/com.st.stm32cube.ide.mcu.externaltools.gnu-tools-for-stm32.12.3.rel1.win32_1.1.0.202410251130/tools/bin/../lib/gcc/arm-none-eabi/12.3.1/thumb/v6-m/nofp/crti.o
                0x08008390                _init
 .init          0x08008394        0x8 C:/ST/STM32CubeIDE_1.17.0/STM32CubeIDE/plugins/com.st.stm32cube.ide.mcu.externaltools.gnu-tools-for-stm32.12.3.rel1.win32_1.1.0.202410251130/tools/bin/../lib/gcc/arm-none-eabi/12.3.1/thumb/v6-m/nofp/crtn.o
 *(.fini)
 .fini          0x0800839c        0x4 C:/ST/STM32CubeIDE_1.17.0/STM32CubeIDE/plugins/com.st.stm32cube.ide.mcu.externaltools.gnu-tools-for-stm32.12.3.rel1.win32_1.1.0.202410251130/tools/bin/../lib/gcc/arm-none-eabi/12.3.1/thumb/v6-m/nofp/crti.o
                0x0800839c                _fini
 .fini          0x080083a0        0x8 C:/ST/STM32CubeIDE_1.17.0/STM32CubeIDE/plugins/com.st.stm32cube.ide.mcu.externaltools.gnu-tools-for-stm32.12.3.rel1.win32_1.1.0.202410251130/tools/bin/../lib/gcc/arm-none-eabi/12.3.1/thumb/v6-m/nofp/crtn.o
                0x080083a8                        . = ALIGN (0x4)
                0x080083a8                        _etext = .

.vfp11_veneer   0x080083a8        0x0
 .vfp11_veneer  0x080083a8        0x0 linker stubs

.v4_bx          0x080083a8        0x0
 .v4_bx         0x080083a8        0x0 linker stubs

.iplt           0x080083a8        0x0
 .iplt          0x080083a8        0x0 C:/ST/STM32CubeIDE_1.17.0/STM32CubeIDE/plugins/com.st.stm32cube.ide.mcu.externaltools.gnu-tools-for-stm32.12.3.rel1.win32_1.1.0.202410251130/tools/bin/../lib/gcc/arm-none-eabi/12.3.1/thumb/v6-m/nofp/crtbegin.o

.rodata         0x080083a8      0x148
                0x080083a8                        . = ALIGN (0x4)
 *(.rodata)
 .rodata        0x080083a8       0x36 ./USB_DEVICE/App/usbd_desc.o
 *(.rodata*)
 *fill*         0x080083de        0x2 
 .rodata.col_pins
                0x080083e0       0x60 ./Core/Src/keyboard.o
 .rodata.row_pins
                0x08008440       0x20 ./Core/Src/keyboard.o
 .rodata.AHBPrescTable
                0x08008460       0x10 ./Core/Src/system_stm32f0xx.o
                0x08008460                AHBPrescTable
 .rodata.aPLLMULFactorTable.1
                0x08008470       0x10 ./Drivers/STM32F0xx_HAL_Driver/Src/stm32f0xx_hal_rcc.o
 .rodata.aPredivFactorTable.0
                0x08008480       0x10 ./Drivers/STM32F0xx_HAL_Driver/Src/stm32f0xx_hal_rcc.o
 .rodata.USBD_StdDevReq
                0x08008490       0x28 ./Middlewares/ST/STM32_USB_Device_Library/Core/Src/usbd_ctlreq.o
 .rodata.USBD_GetDescriptor
                0x080084b8       0x38 ./Middlewares/ST/STM32_USB_Device_Library/Core/Src/usbd_ctlreq.o
                0x080084f0                        . = ALIGN (0x4)

.ARM.extab      0x080084f0        0x0
                0x080084f0                        . = ALIGN (0x4)
 *(.ARM.extab* .gnu.linkonce.armextab.*)
                0x080084f0                        . = ALIGN (0x4)

.ARM            0x080084f0        0x0
                0x080084f0                        . = ALIGN (0x4)
                0x080084f0                        __exidx_start = .
 *(.ARM.exidx*)
                0x080084f0                        __exidx_end = .
                0x080084f0                        . = ALIGN (0x4)

.preinit_array  0x080084f0        0x0
                0x080084f0                        . = ALIGN (0x4)
                0x080084f0                        PROVIDE (__preinit_array_start = .)
 *(.preinit_array*)
                0x080084f0                        PROVIDE (__preinit_array_end = .)
                0x080084f0                        . = ALIGN (0x4)

.init_array     0x080084f0        0x4
                0x080084f0                        . = ALIGN (0x4)
                0x080084f0                        PROVIDE (__init_array_start = .)
 *(SORT_BY_NAME(.init_array.*))
 *(.init_array*)
 .init_array    0x080084f0        0x4 C:/ST/STM32CubeIDE_1.17.0/STM32CubeIDE/plugins/com.st.stm32cube.ide.mcu.externaltools.gnu-tools-for-stm32.12.3.rel1.win32_1.1.0.202410251130/tools/bin/../lib/gcc/arm-none-eabi/12.3.1/thumb/v6-m/nofp/crtbegin.o
                0x080084f4                        PROVIDE (__init_array_end = .)
                0x080084f4                        . = ALIGN (0x4)

.fini_array     0x080084f4        0x4
                0x080084f4                        . = ALIGN (0x4)
                [!provide]                        PROVIDE (__fini_array_start = .)
 *(SORT_BY_NAME(.fini_array.*))
 *(.fini_array*)
 .fini_array    0x080084f4        0x4 C:/ST/STM32CubeIDE_1.17.0/STM32CubeIDE/plugins/com.st.stm32cube.ide.mcu.externaltools.gnu-tools-for-stm32.12.3.rel1.win32_1.1.0.202410251130/tools/bin/../lib/gcc/arm-none-eabi/12.3.1/thumb/v6-m/nofp/crtbegin.o
                [!provide]                        PROVIDE (__fini_array_end = .)
                0x080084f8                        . = ALIGN (0x4)
                0x080084f8                        _sidata = LOADADDR (.data)

.rel.dyn        0x080084f8        0x0
 .rel.iplt      0x080084f8        0x0 C:/ST/STM32CubeIDE_1.17.0/STM32CubeIDE/plugins/com.st.stm32cube.ide.mcu.externaltools.gnu-tools-for-stm32.12.3.rel1.win32_1.1.0.202410251130/tools/bin/../lib/gcc/arm-none-eabi/12.3.1/thumb/v6-m/nofp/crtbegin.o

.data           0x20000000      0x188 load address 0x080084f8
                0x20000000                        . = ALIGN (0x4)
                0x20000000                        _sdata = .
 *(.data)
 *(.data*)
 .data.usb_keymap_layer1
                0x20000000       0x30 ./Core/Src/keyboard.o
 .data.SystemCoreClock
                0x20000030        0x4 ./Core/Src/system_stm32f0xx.o
                0x20000030                SystemCoreClock
 .data.uwTickPrio
                0x20000034        0x4 ./Drivers/STM32F0xx_HAL_Driver/Src/stm32f0xx_hal.o
                0x20000034                uwTickPrio
 .data.uwTickFreq
                0x20000038        0x1 ./Drivers/STM32F0xx_HAL_Driver/Src/stm32f0xx_hal.o
                0x20000038                uwTickFreq
 *fill*         0x20000039        0x3 
 .data.USBD_HID
                0x2000003c       0x38 ./Middlewares/ST/STM32_USB_Device_Library/Class/HID/Src/usbd_hid.o
                0x2000003c                USBD_HID
 .data.USBD_HID_CfgFSDesc
                0x20000074       0x22 ./Middlewares/ST/STM32_USB_Device_Library/Class/HID/Src/usbd_hid.o
 *fill*         0x20000096        0x2 
 .data.USBD_HID_CfgHSDesc
                0x20000098       0x22 ./Middlewares/ST/STM32_USB_Device_Library/Class/HID/Src/usbd_hid.o
 *fill*         0x200000ba        0x2 
 .data.USBD_HID_OtherSpeedCfgDesc
                0x200000bc       0x22 ./Middlewares/ST/STM32_USB_Device_Library/Class/HID/Src/usbd_hid.o
 *fill*         0x200000de        0x2 
 .data.USBD_HID_Desc
                0x200000e0        0x9 ./Middlewares/ST/STM32_USB_Device_Library/Class/HID/Src/usbd_hid.o
 *fill*         0x200000e9        0x3 
 .data.USBD_HID_DeviceQualifierDesc
                0x200000ec        0xa ./Middlewares/ST/STM32_USB_Device_Library/Class/HID/Src/usbd_hid.o
 *fill*         0x200000f6        0x2 
 .data.HID_MOUSE_ReportDesc
                0x200000f8       0x3f ./Middlewares/ST/STM32_USB_Device_Library/Class/HID/Src/usbd_hid.o
 *fill*         0x20000137        0x1 
 .data.FS_Desc  0x20000138       0x1c ./USB_DEVICE/App/usbd_desc.o
                0x20000138                FS_Desc
 .data.USBD_FS_DeviceDesc
                0x20000154       0x12 ./USB_DEVICE/App/usbd_desc.o
                0x20000154                USBD_FS_DeviceDesc
 *fill*         0x20000166        0x2 
 .data.USBD_LangIDDesc
                0x20000168        0x4 ./USB_DEVICE/App/usbd_desc.o
                0x20000168                USBD_LangIDDesc
 .data.USBD_StringSerial
                0x2000016c       0x1a ./USB_DEVICE/App/usbd_desc.o
                0x2000016c                USBD_StringSerial
 *(.RamFunc)
 *(.RamFunc*)
                0x20000188                        . = ALIGN (0x4)
 *fill*         0x20000186        0x2 
                0x20000188                        _edata = .

.igot.plt       0x20000188        0x0 load address 0x08008680
 .igot.plt      0x20000188        0x0 C:/ST/STM32CubeIDE_1.17.0/STM32CubeIDE/plugins/com.st.stm32cube.ide.mcu.externaltools.gnu-tools-for-stm32.12.3.rel1.win32_1.1.0.202410251130/tools/bin/../lib/gcc/arm-none-eabi/12.3.1/thumb/v6-m/nofp/crtbegin.o
                0x20000188                        . = ALIGN (0x4)

.bss            0x20000188      0x864 load address 0x08008680
                0x20000188                        _sbss = .
                0x20000188                        __bss_start__ = _sbss
 *(.bss)
 .bss           0x20000188       0x1c C:/ST/STM32CubeIDE_1.17.0/STM32CubeIDE/plugins/com.st.stm32cube.ide.mcu.externaltools.gnu-tools-for-stm32.12.3.rel1.win32_1.1.0.202410251130/tools/bin/../lib/gcc/arm-none-eabi/12.3.1/thumb/v6-m/nofp/crtbegin.o
 *(.bss*)
 .bss.HID_input_report
                0x200001a4        0x8 ./Core/Src/keyboard.o
 .bss.HID_input_buffer
                0x200001ac        0x8 ./Core/Src/keyboard.o
 .bss.matrix_scan_result
                0x200001b4       0x30 ./Core/Src/keyboard.o
 .bss.htim1     0x200001e4       0x48 ./Core/Src/main.o
                0x200001e4                htim1
 .bss.timer1_interrupt
                0x2000022c        0x1 ./Core/Src/main.o
 *fill*         0x2000022d        0x3 
 .bss.uwTick    0x20000230        0x4 ./Drivers/STM32F0xx_HAL_Driver/Src/stm32f0xx_hal.o
                0x20000230                uwTick
 .bss.cfgidx.0  0x20000234        0x1 ./Middlewares/ST/STM32_USB_Device_Library/Core/Src/usbd_ctlreq.o
 *fill*         0x20000235        0x3 
 .bss.hUsbDeviceFS
                0x20000238      0x2c4 ./USB_DEVICE/App/usb_device.o
                0x20000238                hUsbDeviceFS
 .bss.USBD_StrDesc
                0x200004fc      0x200 ./USB_DEVICE/App/usbd_desc.o
                0x200004fc                USBD_StrDesc
 .bss.hpcd_USB_FS
                0x200006fc      0x2dc ./USB_DEVICE/Target/usbd_conf.o
                0x200006fc                hpcd_USB_FS
 .bss.mem.0     0x200009d8       0x14 ./USB_DEVICE/Target/usbd_conf.o
 *(COMMON)
                0x200009ec                        . = ALIGN (0x4)
                0x200009ec                        _ebss = .
                0x200009ec                        __bss_end__ = _ebss

._user_heap_stack
                0x200009ec      0x604 load address 0x08008680
                0x200009f0                        . = ALIGN (0x8)
 *fill*         0x200009ec        0x4 
                [!provide]                        PROVIDE (end = .)
                0x200009f0                        PROVIDE (_end = .)
                0x20000bf0                        . = (. + _Min_Heap_Size)
 *fill*         0x200009f0      0x200 
                0x20000ff0                        . = (. + _Min_Stack_Size)
 *fill*         0x20000bf0      0x400 
                0x20000ff0                        . = ALIGN (0x8)

/DISCARD/
 libc.a(*)
 libm.a(*)
 libgcc.a(*)

.ARM.attributes
                0x00000000       0x28
 *(.ARM.attributes)
 .ARM.attributes
                0x00000000       0x1e C:/ST/STM32CubeIDE_1.17.0/STM32CubeIDE/plugins/com.st.stm32cube.ide.mcu.externaltools.gnu-tools-for-stm32.12.3.rel1.win32_1.1.0.202410251130/tools/bin/../lib/gcc/arm-none-eabi/12.3.1/thumb/v6-m/nofp/crti.o
 .ARM.attributes
                0x0000001e       0x2c C:/ST/STM32CubeIDE_1.17.0/STM32CubeIDE/plugins/com.st.stm32cube.ide.mcu.externaltools.gnu-tools-for-stm32.12.3.rel1.win32_1.1.0.202410251130/tools/bin/../lib/gcc/arm-none-eabi/12.3.1/thumb/v6-m/nofp/crtbegin.o
 .ARM.attributes
                0x0000004a       0x2c ./Core/Src/keyboard.o
 .ARM.attributes
                0x00000076       0x2c ./Core/Src/main.o
 .ARM.attributes
                0x000000a2       0x2c ./Core/Src/stm32f0xx_hal_msp.o
 .ARM.attributes
                0x000000ce       0x2c ./Core/Src/stm32f0xx_it.o
 .ARM.attributes
                0x000000fa       0x2c ./Core/Src/system_stm32f0xx.o
 .ARM.attributes
                0x00000126       0x21 ./Core/Startup/startup_stm32f072cbtx.o
 .ARM.attributes
                0x00000147       0x2c ./Drivers/STM32F0xx_HAL_Driver/Src/stm32f0xx_hal.o
 .ARM.attributes
                0x00000173       0x2c ./Drivers/STM32F0xx_HAL_Driver/Src/stm32f0xx_hal_cortex.o
 .ARM.attributes
                0x0000019f       0x2c ./Drivers/STM32F0xx_HAL_Driver/Src/stm32f0xx_hal_pcd.o
 .ARM.attributes
                0x000001cb       0x2c ./Drivers/STM32F0xx_HAL_Driver/Src/stm32f0xx_hal_pcd_ex.o
 .ARM.attributes
                0x000001f7       0x2c ./Drivers/STM32F0xx_HAL_Driver/Src/stm32f0xx_hal_rcc.o
 .ARM.attributes
                0x00000223       0x2c ./Drivers/STM32F0xx_HAL_Driver/Src/stm32f0xx_hal_rcc_ex.o
 .ARM.attributes
                0x0000024f       0x2c ./Drivers/STM32F0xx_HAL_Driver/Src/stm32f0xx_hal_tim.o
 .ARM.attributes
                0x0000027b       0x2c ./Drivers/STM32F0xx_HAL_Driver/Src/stm32f0xx_hal_tim_ex.o
 .ARM.attributes
                0x000002a7       0x2c ./Drivers/STM32F0xx_HAL_Driver/Src/stm32f0xx_ll_gpio.o
 .ARM.attributes
                0x000002d3       0x2c ./Drivers/STM32F0xx_HAL_Driver/Src/stm32f0xx_ll_usb.o
 .ARM.attributes
                0x000002ff       0x2c ./Middlewares/ST/STM32_USB_Device_Library/Class/HID/Src/usbd_hid.o
 .ARM.attributes
                0x0000032b       0x2c ./Middlewares/ST/STM32_USB_Device_Library/Core/Src/usbd_core.o
 .ARM.attributes
                0x00000357       0x2c ./Middlewares/ST/STM32_USB_Device_Library/Core/Src/usbd_ctlreq.o
 .ARM.attributes
                0x00000383       0x2c ./Middlewares/ST/STM32_USB_Device_Library/Core/Src/usbd_ioreq.o
 .ARM.attributes
                0x000003af       0x2c ./USB_DEVICE/App/usb_device.o
 .ARM.attributes
                0x000003db       0x2c ./USB_DEVICE/App/usbd_desc.o
 .ARM.attributes
                0x00000407       0x2c ./USB_DEVICE/Target/usbd_conf.o
 .ARM.attributes
                0x00000433       0x2c C:/ST/STM32CubeIDE_1.17.0/STM32CubeIDE/plugins/com.st.stm32cube.ide.mcu.externaltools.gnu-tools-for-stm32.12.3.rel1.win32_1.1.0.202410251130/tools/bin/../lib/gcc/arm-none-eabi/12.3.1/../../../../arm-none-eabi/lib/thumb/v6-m/nofp\libc_nano.a(libc_a-memset.o)
 .ARM.attributes
                0x0000045f       0x2c C:/ST/STM32CubeIDE_1.17.0/STM32CubeIDE/plugins/com.st.stm32cube.ide.mcu.externaltools.gnu-tools-for-stm32.12.3.rel1.win32_1.1.0.202410251130/tools/bin/../lib/gcc/arm-none-eabi/12.3.1/../../../../arm-none-eabi/lib/thumb/v6-m/nofp\libc_nano.a(libc_a-init.o)
 .ARM.attributes
                0x0000048b       0x1e C:/ST/STM32CubeIDE_1.17.0/STM32CubeIDE/plugins/com.st.stm32cube.ide.mcu.externaltools.gnu-tools-for-stm32.12.3.rel1.win32_1.1.0.202410251130/tools/bin/../lib/gcc/arm-none-eabi/12.3.1/thumb/v6-m/nofp\libgcc.a(_udivsi3.o)
 .ARM.attributes
                0x000004a9       0x1e C:/ST/STM32CubeIDE_1.17.0/STM32CubeIDE/plugins/com.st.stm32cube.ide.mcu.externaltools.gnu-tools-for-stm32.12.3.rel1.win32_1.1.0.202410251130/tools/bin/../lib/gcc/arm-none-eabi/12.3.1/thumb/v6-m/nofp\libgcc.a(_dvmd_tls.o)
 .ARM.attributes
                0x000004c7       0x1e C:/ST/STM32CubeIDE_1.17.0/STM32CubeIDE/plugins/com.st.stm32cube.ide.mcu.externaltools.gnu-tools-for-stm32.12.3.rel1.win32_1.1.0.202410251130/tools/bin/../lib/gcc/arm-none-eabi/12.3.1/thumb/v6-m/nofp/crtn.o
OUTPUT(smolboi-firmware-v1.0.elf elf32-littlearm)
LOAD linker stubs
LOAD C:/ST/STM32CubeIDE_1.17.0/STM32CubeIDE/plugins/com.st.stm32cube.ide.mcu.externaltools.gnu-tools-for-stm32.12.3.rel1.win32_1.1.0.202410251130/tools/bin/../lib/gcc/arm-none-eabi/12.3.1/../../../../arm-none-eabi/lib/thumb/v6-m/nofp\libc.a
LOAD C:/ST/STM32CubeIDE_1.17.0/STM32CubeIDE/plugins/com.st.stm32cube.ide.mcu.externaltools.gnu-tools-for-stm32.12.3.rel1.win32_1.1.0.202410251130/tools/bin/../lib/gcc/arm-none-eabi/12.3.1/../../../../arm-none-eabi/lib/thumb/v6-m/nofp\libm.a
LOAD C:/ST/STM32CubeIDE_1.17.0/STM32CubeIDE/plugins/com.st.stm32cube.ide.mcu.externaltools.gnu-tools-for-stm32.12.3.rel1.win32_1.1.0.202410251130/tools/bin/../lib/gcc/arm-none-eabi/12.3.1/thumb/v6-m/nofp\libgcc.a

.debug_info     0x00000000    0x106f4
 .debug_info    0x00000000      0x8f8 ./Core/Src/keyboard.o
 .debug_info    0x000008f8      0xe58 ./Core/Src/main.o
 .debug_info    0x00001750      0x8c1 ./Core/Src/stm32f0xx_hal_msp.o
 .debug_info    0x00002011      0xba5 ./Core/Src/stm32f0xx_it.o
 .debug_info    0x00002bb6      0x242 ./Core/Src/system_stm32f0xx.o
 .debug_info    0x00002df8       0x30 ./Core/Startup/startup_stm32f072cbtx.o
 .debug_info    0x00002e28      0x6c9 ./Drivers/STM32F0xx_HAL_Driver/Src/stm32f0xx_hal.o
 .debug_info    0x000034f1      0x6c5 ./Drivers/STM32F0xx_HAL_Driver/Src/stm32f0xx_hal_cortex.o
 .debug_info    0x00003bb6     0x161d ./Drivers/STM32F0xx_HAL_Driver/Src/stm32f0xx_hal_pcd.o
 .debug_info    0x000051d3      0x80a ./Drivers/STM32F0xx_HAL_Driver/Src/stm32f0xx_hal_pcd_ex.o
 .debug_info    0x000059dd      0x83f ./Drivers/STM32F0xx_HAL_Driver/Src/stm32f0xx_hal_rcc.o
 .debug_info    0x0000621c      0x61c ./Drivers/STM32F0xx_HAL_Driver/Src/stm32f0xx_hal_rcc_ex.o
 .debug_info    0x00006838     0x2950 ./Drivers/STM32F0xx_HAL_Driver/Src/stm32f0xx_hal_tim.o
 .debug_info    0x00009188     0x1492 ./Drivers/STM32F0xx_HAL_Driver/Src/stm32f0xx_hal_tim_ex.o
 .debug_info    0x0000a61a      0x517 ./Drivers/STM32F0xx_HAL_Driver/Src/stm32f0xx_ll_gpio.o
 .debug_info    0x0000ab31     0x166d ./Drivers/STM32F0xx_HAL_Driver/Src/stm32f0xx_ll_usb.o
 .debug_info    0x0000c19e      0x953 ./Middlewares/ST/STM32_USB_Device_Library/Class/HID/Src/usbd_hid.o
 .debug_info    0x0000caf1      0xa7c ./Middlewares/ST/STM32_USB_Device_Library/Core/Src/usbd_core.o
 .debug_info    0x0000d56d      0x948 ./Middlewares/ST/STM32_USB_Device_Library/Core/Src/usbd_ctlreq.o
 .debug_info    0x0000deb5      0x6cc ./Middlewares/ST/STM32_USB_Device_Library/Core/Src/usbd_ioreq.o
 .debug_info    0x0000e581      0x566 ./USB_DEVICE/App/usb_device.o
 .debug_info    0x0000eae7      0x476 ./USB_DEVICE/App/usbd_desc.o
 .debug_info    0x0000ef5d     0x1797 ./USB_DEVICE/Target/usbd_conf.o

.debug_abbrev   0x00000000     0x30db
 .debug_abbrev  0x00000000      0x2ad ./Core/Src/keyboard.o
 .debug_abbrev  0x000002ad      0x2d8 ./Core/Src/main.o
 .debug_abbrev  0x00000585      0x1b4 ./Core/Src/stm32f0xx_hal_msp.o
 .debug_abbrev  0x00000739      0x1df ./Core/Src/stm32f0xx_it.o
 .debug_abbrev  0x00000918      0x11c ./Core/Src/system_stm32f0xx.o
 .debug_abbrev  0x00000a34       0x24 ./Core/Startup/startup_stm32f072cbtx.o
 .debug_abbrev  0x00000a58      0x213 ./Drivers/STM32F0xx_HAL_Driver/Src/stm32f0xx_hal.o
 .debug_abbrev  0x00000c6b      0x28c ./Drivers/STM32F0xx_HAL_Driver/Src/stm32f0xx_hal_cortex.o
 .debug_abbrev  0x00000ef7      0x2b9 ./Drivers/STM32F0xx_HAL_Driver/Src/stm32f0xx_hal_pcd.o
 .debug_abbrev  0x000011b0      0x228 ./Drivers/STM32F0xx_HAL_Driver/Src/stm32f0xx_hal_pcd_ex.o
 .debug_abbrev  0x000013d8      0x28c ./Drivers/STM32F0xx_HAL_Driver/Src/stm32f0xx_hal_rcc.o
 .debug_abbrev  0x00001664      0x1a6 ./Drivers/STM32F0xx_HAL_Driver/Src/stm32f0xx_hal_rcc_ex.o
 .debug_abbrev  0x0000180a      0x278 ./Drivers/STM32F0xx_HAL_Driver/Src/stm32f0xx_hal_tim.o
 .debug_abbrev  0x00001a82      0x283 ./Drivers/STM32F0xx_HAL_Driver/Src/stm32f0xx_hal_tim_ex.o
 .debug_abbrev  0x00001d05      0x1a7 ./Drivers/STM32F0xx_HAL_Driver/Src/stm32f0xx_ll_gpio.o
 .debug_abbrev  0x00001eac      0x247 ./Drivers/STM32F0xx_HAL_Driver/Src/stm32f0xx_ll_usb.o
 .debug_abbrev  0x000020f3      0x283 ./Middlewares/ST/STM32_USB_Device_Library/Class/HID/Src/usbd_hid.o
 .debug_abbrev  0x00002376      0x252 ./Middlewares/ST/STM32_USB_Device_Library/Core/Src/usbd_core.o
 .debug_abbrev  0x000025c8      0x272 ./Middlewares/ST/STM32_USB_Device_Library/Core/Src/usbd_ctlreq.o
 .debug_abbrev  0x0000283a      0x1aa ./Middlewares/ST/STM32_USB_Device_Library/Core/Src/usbd_ioreq.o
 .debug_abbrev  0x000029e4      0x1a0 ./USB_DEVICE/App/usb_device.o
 .debug_abbrev  0x00002b84      0x217 ./USB_DEVICE/App/usbd_desc.o
 .debug_abbrev  0x00002d9b      0x340 ./USB_DEVICE/Target/usbd_conf.o

.debug_aranges  0x00000000      0xfb0
 .debug_aranges
                0x00000000       0x68 ./Core/Src/keyboard.o
 .debug_aranges
                0x00000068       0x58 ./Core/Src/main.o
 .debug_aranges
                0x000000c0       0x30 ./Core/Src/stm32f0xx_hal_msp.o
 .debug_aranges
                0x000000f0       0x58 ./Core/Src/stm32f0xx_it.o
 .debug_aranges
                0x00000148       0x28 ./Core/Src/system_stm32f0xx.o
 .debug_aranges
                0x00000170       0x28 ./Core/Startup/startup_stm32f072cbtx.o
 .debug_aranges
                0x00000198       0xd0 ./Drivers/STM32F0xx_HAL_Driver/Src/stm32f0xx_hal.o
 .debug_aranges
                0x00000268       0xc0 ./Drivers/STM32F0xx_HAL_Driver/Src/stm32f0xx_hal_cortex.o
 .debug_aranges
                0x00000328      0x138 ./Drivers/STM32F0xx_HAL_Driver/Src/stm32f0xx_hal_pcd.o
 .debug_aranges
                0x00000460       0x58 ./Drivers/STM32F0xx_HAL_Driver/Src/stm32f0xx_hal_pcd_ex.o
 .debug_aranges
                0x000004b8       0x80 ./Drivers/STM32F0xx_HAL_Driver/Src/stm32f0xx_hal_rcc.o
 .debug_aranges
                0x00000538       0x78 ./Drivers/STM32F0xx_HAL_Driver/Src/stm32f0xx_hal_rcc_ex.o
 .debug_aranges
                0x000005b0      0x3d0 ./Drivers/STM32F0xx_HAL_Driver/Src/stm32f0xx_hal_tim.o
 .debug_aranges
                0x00000980      0x168 ./Drivers/STM32F0xx_HAL_Driver/Src/stm32f0xx_hal_tim_ex.o
 .debug_aranges
                0x00000ae8       0x70 ./Drivers/STM32F0xx_HAL_Driver/Src/stm32f0xx_ll_gpio.o
 .debug_aranges
                0x00000b58       0xc8 ./Drivers/STM32F0xx_HAL_Driver/Src/stm32f0xx_ll_usb.o
 .debug_aranges
                0x00000c20       0x68 ./Middlewares/ST/STM32_USB_Device_Library/Class/HID/Src/usbd_hid.o
 .debug_aranges
                0x00000c88       0xb8 ./Middlewares/ST/STM32_USB_Device_Library/Core/Src/usbd_core.o
 .debug_aranges
                0x00000d40       0x88 ./Middlewares/ST/STM32_USB_Device_Library/Core/Src/usbd_ctlreq.o
 .debug_aranges
                0x00000dc8       0x50 ./Middlewares/ST/STM32_USB_Device_Library/Core/Src/usbd_ioreq.o
 .debug_aranges
                0x00000e18       0x20 ./USB_DEVICE/App/usb_device.o
 .debug_aranges
                0x00000e38       0x60 ./USB_DEVICE/App/usbd_desc.o
 .debug_aranges
                0x00000e98      0x118 ./USB_DEVICE/Target/usbd_conf.o

.debug_rnglists
                0x00000000      0xbeb
 .debug_rnglists
                0x00000000       0x4d ./Core/Src/keyboard.o
 .debug_rnglists
                0x0000004d       0x40 ./Core/Src/main.o
 .debug_rnglists
                0x0000008d       0x1f ./Core/Src/stm32f0xx_hal_msp.o
 .debug_rnglists
                0x000000ac       0x3d ./Core/Src/stm32f0xx_it.o
 .debug_rnglists
                0x000000e9       0x1a ./Core/Src/system_stm32f0xx.o
 .debug_rnglists
                0x00000103       0x19 ./Core/Startup/startup_stm32f072cbtx.o
 .debug_rnglists
                0x0000011c       0x97 ./Drivers/STM32F0xx_HAL_Driver/Src/stm32f0xx_hal.o
 .debug_rnglists
                0x000001b3       0x8c ./Drivers/STM32F0xx_HAL_Driver/Src/stm32f0xx_hal_cortex.o
 .debug_rnglists
                0x0000023f       0xee ./Drivers/STM32F0xx_HAL_Driver/Src/stm32f0xx_hal_pcd.o
 .debug_rnglists
                0x0000032d       0x3f ./Drivers/STM32F0xx_HAL_Driver/Src/stm32f0xx_hal_pcd_ex.o
 .debug_rnglists
                0x0000036c       0x61 ./Drivers/STM32F0xx_HAL_Driver/Src/stm32f0xx_hal_rcc.o
 .debug_rnglists
                0x000003cd       0x5b ./Drivers/STM32F0xx_HAL_Driver/Src/stm32f0xx_hal_rcc_ex.o
 .debug_rnglists
                0x00000428      0x31c ./Drivers/STM32F0xx_HAL_Driver/Src/stm32f0xx_hal_tim.o
 .debug_rnglists
                0x00000744      0x126 ./Drivers/STM32F0xx_HAL_Driver/Src/stm32f0xx_hal_tim_ex.o
 .debug_rnglists
                0x0000086a       0x51 ./Drivers/STM32F0xx_HAL_Driver/Src/stm32f0xx_ll_gpio.o
 .debug_rnglists
                0x000008bb       0x99 ./Drivers/STM32F0xx_HAL_Driver/Src/stm32f0xx_ll_usb.o
 .debug_rnglists
                0x00000954       0x4a ./Middlewares/ST/STM32_USB_Device_Library/Class/HID/Src/usbd_hid.o
 .debug_rnglists
                0x0000099e       0x89 ./Middlewares/ST/STM32_USB_Device_Library/Core/Src/usbd_core.o
 .debug_rnglists
                0x00000a27       0x68 ./Middlewares/ST/STM32_USB_Device_Library/Core/Src/usbd_ctlreq.o
 .debug_rnglists
                0x00000a8f       0x37 ./Middlewares/ST/STM32_USB_Device_Library/Core/Src/usbd_ioreq.o
 .debug_rnglists
                0x00000ac6       0x13 ./USB_DEVICE/App/usb_device.o
 .debug_rnglists
                0x00000ad9       0x44 ./USB_DEVICE/App/usbd_desc.o
 .debug_rnglists
                0x00000b1d       0xce ./USB_DEVICE/Target/usbd_conf.o

.debug_macro    0x00000000    0x1d260
 .debug_macro   0x00000000      0x3f4 ./Core/Src/keyboard.o
 .debug_macro   0x000003f4      0xa90 ./Core/Src/keyboard.o
 .debug_macro   0x00000e84       0x2e ./Core/Src/keyboard.o
 .debug_macro   0x00000eb2       0x22 ./Core/Src/keyboard.o
 .debug_macro   0x00000ed4       0x22 ./Core/Src/keyboard.o
 .debug_macro   0x00000ef6       0x8e ./Core/Src/keyboard.o
 .debug_macro   0x00000f84       0x51 ./Core/Src/keyboard.o
 .debug_macro   0x00000fd5      0x103 ./Core/Src/keyboard.o
 .debug_macro   0x000010d8       0x6a ./Core/Src/keyboard.o
 .debug_macro   0x00001142      0x1df ./Core/Src/keyboard.o
 .debug_macro   0x00001321       0x1c ./Core/Src/keyboard.o
 .debug_macro   0x0000133d       0x22 ./Core/Src/keyboard.o
 .debug_macro   0x0000135f       0xaf ./Core/Src/keyboard.o
 .debug_macro   0x0000140e      0x391 ./Core/Src/keyboard.o
 .debug_macro   0x0000179f     0xfe73 ./Core/Src/keyboard.o
 .debug_macro   0x00011612       0x66 ./Core/Src/keyboard.o
 .debug_macro   0x00011678      0x133 ./Core/Src/keyboard.o
 .debug_macro   0x000117ab     0x34da ./Core/Src/keyboard.o
 .debug_macro   0x00014c85      0x189 ./Core/Src/keyboard.o
 .debug_macro   0x00014e0e       0x55 ./Core/Src/keyboard.o
 .debug_macro   0x00014e63      0x946 ./Core/Src/keyboard.o
 .debug_macro   0x000157a9      0x5f3 ./Core/Src/keyboard.o
 .debug_macro   0x00015d9c      0x1ae ./Core/Src/keyboard.o
 .debug_macro   0x00015f4a      0x1a7 ./Core/Src/keyboard.o
 .debug_macro   0x000160f1      0x1a7 ./Core/Src/keyboard.o
 .debug_macro   0x00016298      0x22c ./Core/Src/keyboard.o
 .debug_macro   0x000164c4       0x34 ./Core/Src/keyboard.o
 .debug_macro   0x000164f8       0x43 ./Core/Src/keyboard.o
 .debug_macro   0x0001653b       0x28 ./Core/Src/keyboard.o
 .debug_macro   0x00016563       0xb0 ./Core/Src/keyboard.o
 .debug_macro   0x00016613      0x217 ./Core/Src/keyboard.o
 .debug_macro   0x0001682a      0x22c ./Core/Src/keyboard.o
 .debug_macro   0x00016a56       0x61 ./Core/Src/keyboard.o
 .debug_macro   0x00016ab7       0xa5 ./Core/Src/keyboard.o
 .debug_macro   0x00016b5c       0x73 ./Core/Src/keyboard.o
 .debug_macro   0x00016bcf      0x22d ./Core/Src/keyboard.o
 .debug_macro   0x00016dfc       0x4c ./Core/Src/keyboard.o
 .debug_macro   0x00016e48      0x16d ./Core/Src/keyboard.o
 .debug_macro   0x00016fb5      0x8f4 ./Core/Src/keyboard.o
 .debug_macro   0x000178a9       0x28 ./Core/Src/keyboard.o
 .debug_macro   0x000178d1      0x130 ./Core/Src/keyboard.o
 .debug_macro   0x00017a01       0x61 ./Core/Src/keyboard.o
 .debug_macro   0x00017a62       0x24 ./Core/Src/keyboard.o
 .debug_macro   0x00017a86       0x43 ./Core/Src/keyboard.o
 .debug_macro   0x00017ac9       0x34 ./Core/Src/keyboard.o
 .debug_macro   0x00017afd       0x16 ./Core/Src/keyboard.o
 .debug_macro   0x00017b13       0x35 ./Core/Src/keyboard.o
 .debug_macro   0x00017b48      0x369 ./Core/Src/keyboard.o
 .debug_macro   0x00017eb1       0x10 ./Core/Src/keyboard.o
 .debug_macro   0x00017ec1       0x16 ./Core/Src/keyboard.o
 .debug_macro   0x00017ed7       0x43 ./Core/Src/keyboard.o
 .debug_macro   0x00017f1a       0x34 ./Core/Src/keyboard.o
 .debug_macro   0x00017f4e       0x10 ./Core/Src/keyboard.o
 .debug_macro   0x00017f5e       0x58 ./Core/Src/keyboard.o
 .debug_macro   0x00017fb6       0x8e ./Core/Src/keyboard.o
 .debug_macro   0x00018044       0x1c ./Core/Src/keyboard.o
 .debug_macro   0x00018060      0x177 ./Core/Src/keyboard.o
 .debug_macro   0x000181d7       0x16 ./Core/Src/keyboard.o
 .debug_macro   0x000181ed       0x16 ./Core/Src/keyboard.o
 .debug_macro   0x00018203      0x146 ./Core/Src/keyboard.o
 .debug_macro   0x00018349       0x16 ./Core/Src/keyboard.o
 .debug_macro   0x0001835f       0x16 ./Core/Src/keyboard.o
 .debug_macro   0x00018375       0x29 ./Core/Src/keyboard.o
 .debug_macro   0x0001839e       0x16 ./Core/Src/keyboard.o
 .debug_macro   0x000183b4       0x20 ./Core/Src/keyboard.o
 .debug_macro   0x000183d4      0x211 ./Core/Src/keyboard.o
 .debug_macro   0x000185e5      0x11f ./Core/Src/keyboard.o
 .debug_macro   0x00018704      0x108 ./Core/Src/keyboard.o
 .debug_macro   0x0001880c      0x112 ./Core/Src/keyboard.o
 .debug_macro   0x0001891e       0x16 ./Core/Src/keyboard.o
 .debug_macro   0x00018934      0x420 ./Core/Src/keyboard.o
 .debug_macro   0x00018d54       0x2a ./Core/Src/keyboard.o
 .debug_macro   0x00018d7e       0xf4 ./Core/Src/keyboard.o
 .debug_macro   0x00018e72      0x293 ./Core/Src/keyboard.o
 .debug_macro   0x00019105       0x5f ./Core/Src/keyboard.o
 .debug_macro   0x00019164      0x1c8 ./Core/Src/keyboard.o
 .debug_macro   0x0001932c       0x5e ./Core/Src/keyboard.o
 .debug_macro   0x0001938a      0x286 ./Core/Src/keyboard.o
 .debug_macro   0x00019610       0x10 ./Core/Src/keyboard.o
 .debug_macro   0x00019620      0x3ee ./Core/Src/main.o
 .debug_macro   0x00019a0e      0x22d ./Core/Src/stm32f0xx_hal_msp.o
 .debug_macro   0x00019c3b      0x237 ./Core/Src/stm32f0xx_it.o
 .debug_macro   0x00019e72      0x1d2 ./Core/Src/system_stm32f0xx.o
 .debug_macro   0x0001a044      0x1f6 ./Drivers/STM32F0xx_HAL_Driver/Src/stm32f0xx_hal.o
 .debug_macro   0x0001a23a      0x1d2 ./Drivers/STM32F0xx_HAL_Driver/Src/stm32f0xx_hal_cortex.o
 .debug_macro   0x0001a40c      0x1de ./Drivers/STM32F0xx_HAL_Driver/Src/stm32f0xx_hal_pcd.o
 .debug_macro   0x0001a5ea      0x1d2 ./Drivers/STM32F0xx_HAL_Driver/Src/stm32f0xx_hal_pcd_ex.o
 .debug_macro   0x0001a7bc      0x1e4 ./Drivers/STM32F0xx_HAL_Driver/Src/stm32f0xx_hal_rcc.o
 .debug_macro   0x0001a9a0      0x1e4 ./Drivers/STM32F0xx_HAL_Driver/Src/stm32f0xx_hal_rcc_ex.o
 .debug_macro   0x0001ab84      0x1d3 ./Drivers/STM32F0xx_HAL_Driver/Src/stm32f0xx_hal_tim.o
 .debug_macro   0x0001ad57      0x1d2 ./Drivers/STM32F0xx_HAL_Driver/Src/stm32f0xx_hal_tim_ex.o
 .debug_macro   0x0001af29      0x214 ./Drivers/STM32F0xx_HAL_Driver/Src/stm32f0xx_ll_gpio.o
 .debug_macro   0x0001b13d      0x119 ./Drivers/STM32F0xx_HAL_Driver/Src/stm32f0xx_ll_gpio.o
 .debug_macro   0x0001b256      0x1d2 ./Drivers/STM32F0xx_HAL_Driver/Src/stm32f0xx_ll_usb.o
 .debug_macro   0x0001b428      0x3bc ./Middlewares/ST/STM32_USB_Device_Library/Class/HID/Src/usbd_hid.o
 .debug_macro   0x0001b7e4       0x9e ./Middlewares/ST/STM32_USB_Device_Library/Class/HID/Src/usbd_hid.o
 .debug_macro   0x0001b882      0x10b ./Middlewares/ST/STM32_USB_Device_Library/Class/HID/Src/usbd_hid.o
 .debug_macro   0x0001b98d       0x4f ./Middlewares/ST/STM32_USB_Device_Library/Class/HID/Src/usbd_hid.o
 .debug_macro   0x0001b9dc      0x3a3 ./Middlewares/ST/STM32_USB_Device_Library/Core/Src/usbd_core.o
 .debug_macro   0x0001bd7f      0x1ce ./Middlewares/ST/STM32_USB_Device_Library/Core/Src/usbd_core.o
 .debug_macro   0x0001bf4d      0x3ad ./Middlewares/ST/STM32_USB_Device_Library/Core/Src/usbd_ctlreq.o
 .debug_macro   0x0001c2fa      0x3a9 ./Middlewares/ST/STM32_USB_Device_Library/Core/Src/usbd_ioreq.o
 .debug_macro   0x0001c6a3      0x3d9 ./USB_DEVICE/App/usb_device.o
 .debug_macro   0x0001ca7c       0x22 ./USB_DEVICE/App/usb_device.o
 .debug_macro   0x0001ca9e      0x3e0 ./USB_DEVICE/App/usbd_desc.o
 .debug_macro   0x0001ce7e       0x1c ./USB_DEVICE/App/usbd_desc.o
 .debug_macro   0x0001ce9a      0x3c6 ./USB_DEVICE/Target/usbd_conf.o

.debug_line     0x00000000    0x14a77
 .debug_line    0x00000000      0xd91 ./Core/Src/keyboard.o
 .debug_line    0x00000d91      0xd7e ./Core/Src/main.o
 .debug_line    0x00001b0f      0x884 ./Core/Src/stm32f0xx_hal_msp.o
 .debug_line    0x00002393      0x8f3 ./Core/Src/stm32f0xx_it.o
 .debug_line    0x00002c86      0x7fe ./Core/Src/system_stm32f0xx.o
 .debug_line    0x00003484       0x7b ./Core/Startup/startup_stm32f072cbtx.o
 .debug_line    0x000034ff      0x9f1 ./Drivers/STM32F0xx_HAL_Driver/Src/stm32f0xx_hal.o
 .debug_line    0x00003ef0      0xa9d ./Drivers/STM32F0xx_HAL_Driver/Src/stm32f0xx_hal_cortex.o
 .debug_line    0x0000498d     0x13dc ./Drivers/STM32F0xx_HAL_Driver/Src/stm32f0xx_hal_pcd.o
 .debug_line    0x00005d69      0x910 ./Drivers/STM32F0xx_HAL_Driver/Src/stm32f0xx_hal_pcd_ex.o
 .debug_line    0x00006679      0xe7e ./Drivers/STM32F0xx_HAL_Driver/Src/stm32f0xx_hal_rcc.o
 .debug_line    0x000074f7      0xc99 ./Drivers/STM32F0xx_HAL_Driver/Src/stm32f0xx_hal_rcc_ex.o
 .debug_line    0x00008190     0x37c8 ./Drivers/STM32F0xx_HAL_Driver/Src/stm32f0xx_hal_tim.o
 .debug_line    0x0000b958     0x198e ./Drivers/STM32F0xx_HAL_Driver/Src/stm32f0xx_hal_tim_ex.o
 .debug_line    0x0000d2e6      0x93b ./Drivers/STM32F0xx_HAL_Driver/Src/stm32f0xx_ll_gpio.o
 .debug_line    0x0000dc21     0x104a ./Drivers/STM32F0xx_HAL_Driver/Src/stm32f0xx_ll_usb.o
 .debug_line    0x0000ec6b      0xcff ./Middlewares/ST/STM32_USB_Device_Library/Class/HID/Src/usbd_hid.o
 .debug_line    0x0000f96a      0xec4 ./Middlewares/ST/STM32_USB_Device_Library/Core/Src/usbd_core.o
 .debug_line    0x0001082e     0x1101 ./Middlewares/ST/STM32_USB_Device_Library/Core/Src/usbd_ctlreq.o
 .debug_line    0x0001192f      0xb5a ./Middlewares/ST/STM32_USB_Device_Library/Core/Src/usbd_ioreq.o
 .debug_line    0x00012489      0xaff ./USB_DEVICE/App/usb_device.o
 .debug_line    0x00012f88      0xbe3 ./USB_DEVICE/App/usbd_desc.o
 .debug_line    0x00013b6b      0xf0c ./USB_DEVICE/Target/usbd_conf.o

.debug_str      0x00000000    0x9ea2f
 .debug_str     0x00000000    0x9a73a ./Core/Src/keyboard.o
                              0x9acd9 (size before relaxing)
 .debug_str     0x0009a73a      0x8c9 ./Core/Src/main.o
                              0x9b1aa (size before relaxing)
 .debug_str     0x0009b003      0x1f9 ./Core/Src/stm32f0xx_hal_msp.o
                              0x96590 (size before relaxing)
 .debug_str     0x0009b1fc      0x40b ./Core/Src/stm32f0xx_it.o
                              0x966ee (size before relaxing)
 .debug_str     0x0009b607       0x8b ./Core/Src/system_stm32f0xx.o
                              0x90480 (size before relaxing)
 .debug_str     0x0009b692       0x44 ./Core/Startup/startup_stm32f072cbtx.o
                                 0x8d (size before relaxing)
 .debug_str     0x0009b6d6      0x37a ./Drivers/STM32F0xx_HAL_Driver/Src/stm32f0xx_hal.o
                              0x90a76 (size before relaxing)
 .debug_str     0x0009ba50      0x179 ./Drivers/STM32F0xx_HAL_Driver/Src/stm32f0xx_hal_cortex.o
                              0x90867 (size before relaxing)
 .debug_str     0x0009bbc9      0x577 ./Drivers/STM32F0xx_HAL_Driver/Src/stm32f0xx_hal_pcd.o
                              0x90d4b (size before relaxing)
 .debug_str     0x0009c140      0x186 ./Drivers/STM32F0xx_HAL_Driver/Src/stm32f0xx_hal_pcd_ex.o
                              0x90987 (size before relaxing)
 .debug_str     0x0009c2c6      0x228 ./Drivers/STM32F0xx_HAL_Driver/Src/stm32f0xx_hal_rcc.o
                              0x908c7 (size before relaxing)
 .debug_str     0x0009c4ee      0x2cf ./Drivers/STM32F0xx_HAL_Driver/Src/stm32f0xx_hal_rcc_ex.o
                              0x9087f (size before relaxing)
 .debug_str     0x0009c7bd      0xdd2 ./Drivers/STM32F0xx_HAL_Driver/Src/stm32f0xx_hal_tim.o
                              0x91896 (size before relaxing)
 .debug_str     0x0009d58f      0x493 ./Drivers/STM32F0xx_HAL_Driver/Src/stm32f0xx_hal_tim_ex.o
                              0x910a2 (size before relaxing)
 .debug_str     0x0009da22      0x503 ./Drivers/STM32F0xx_HAL_Driver/Src/stm32f0xx_ll_gpio.o
                              0x917c9 (size before relaxing)
 .debug_str     0x0009df25       0xd3 ./Drivers/STM32F0xx_HAL_Driver/Src/stm32f0xx_ll_usb.o
                              0x90888 (size before relaxing)
 .debug_str     0x0009dff8      0x287 ./Middlewares/ST/STM32_USB_Device_Library/Class/HID/Src/usbd_hid.o
                              0x9a806 (size before relaxing)
 .debug_str     0x0009e27f      0x29f ./Middlewares/ST/STM32_USB_Device_Library/Core/Src/usbd_core.o
                              0x9a6a1 (size before relaxing)
 .debug_str     0x0009e51e      0x11b ./Middlewares/ST/STM32_USB_Device_Library/Core/Src/usbd_ctlreq.o
                              0x9a5bb (size before relaxing)
 .debug_str     0x0009e639       0x79 ./Middlewares/ST/STM32_USB_Device_Library/Core/Src/usbd_ioreq.o
                              0x9a4e8 (size before relaxing)
 .debug_str     0x0009e6b2       0xa2 ./USB_DEVICE/App/usb_device.o
                              0x9a65d (size before relaxing)
 .debug_str     0x0009e754      0x24a ./USB_DEVICE/App/usbd_desc.o
                              0x9a416 (size before relaxing)
 .debug_str     0x0009e99e       0x91 ./USB_DEVICE/Target/usbd_conf.o
                              0x9b0c1 (size before relaxing)

.comment        0x00000000       0x43
 .comment       0x00000000       0x43 ./Core/Src/keyboard.o
                                 0x44 (size before relaxing)
 .comment       0x00000043       0x44 ./Core/Src/main.o
 .comment       0x00000043       0x44 ./Core/Src/stm32f0xx_hal_msp.o
 .comment       0x00000043       0x44 ./Core/Src/stm32f0xx_it.o
 .comment       0x00000043       0x44 ./Core/Src/system_stm32f0xx.o
 .comment       0x00000043       0x44 ./Drivers/STM32F0xx_HAL_Driver/Src/stm32f0xx_hal.o
 .comment       0x00000043       0x44 ./Drivers/STM32F0xx_HAL_Driver/Src/stm32f0xx_hal_cortex.o
 .comment       0x00000043       0x44 ./Drivers/STM32F0xx_HAL_Driver/Src/stm32f0xx_hal_pcd.o
 .comment       0x00000043       0x44 ./Drivers/STM32F0xx_HAL_Driver/Src/stm32f0xx_hal_pcd_ex.o
 .comment       0x00000043       0x44 ./Drivers/STM32F0xx_HAL_Driver/Src/stm32f0xx_hal_rcc.o
 .comment       0x00000043       0x44 ./Drivers/STM32F0xx_HAL_Driver/Src/stm32f0xx_hal_rcc_ex.o
 .comment       0x00000043       0x44 ./Drivers/STM32F0xx_HAL_Driver/Src/stm32f0xx_hal_tim.o
 .comment       0x00000043       0x44 ./Drivers/STM32F0xx_HAL_Driver/Src/stm32f0xx_hal_tim_ex.o
 .comment       0x00000043       0x44 ./Drivers/STM32F0xx_HAL_Driver/Src/stm32f0xx_ll_gpio.o
 .comment       0x00000043       0x44 ./Drivers/STM32F0xx_HAL_Driver/Src/stm32f0xx_ll_usb.o
 .comment       0x00000043       0x44 ./Middlewares/ST/STM32_USB_Device_Library/Class/HID/Src/usbd_hid.o
 .comment       0x00000043       0x44 ./Middlewares/ST/STM32_USB_Device_Library/Core/Src/usbd_core.o
 .comment       0x00000043       0x44 ./Middlewares/ST/STM32_USB_Device_Library/Core/Src/usbd_ctlreq.o
 .comment       0x00000043       0x44 ./Middlewares/ST/STM32_USB_Device_Library/Core/Src/usbd_ioreq.o
 .comment       0x00000043       0x44 ./USB_DEVICE/App/usb_device.o
 .comment       0x00000043       0x44 ./USB_DEVICE/App/usbd_desc.o
 .comment       0x00000043       0x44 ./USB_DEVICE/Target/usbd_conf.o

.debug_frame    0x00000000     0x3748
 .debug_frame   0x00000000      0x148 ./Core/Src/keyboard.o
 .debug_frame   0x00000148      0x108 ./Core/Src/main.o
 .debug_frame   0x00000250       0x70 ./Core/Src/stm32f0xx_hal_msp.o
 .debug_frame   0x000002c0       0xf0 ./Core/Src/stm32f0xx_it.o
 .debug_frame   0x000003b0       0x4c ./Core/Src/system_stm32f0xx.o
 .debug_frame   0x000003fc      0x2a4 ./Drivers/STM32F0xx_HAL_Driver/Src/stm32f0xx_hal.o
 .debug_frame   0x000006a0      0x2a0 ./Drivers/STM32F0xx_HAL_Driver/Src/stm32f0xx_hal_cortex.o
 .debug_frame   0x00000940      0x498 ./Drivers/STM32F0xx_HAL_Driver/Src/stm32f0xx_hal_pcd.o
 .debug_frame   0x00000dd8      0x110 ./Drivers/STM32F0xx_HAL_Driver/Src/stm32f0xx_hal_pcd_ex.o
 .debug_frame   0x00000ee8      0x198 ./Drivers/STM32F0xx_HAL_Driver/Src/stm32f0xx_hal_rcc.o
 .debug_frame   0x00001080      0x180 ./Drivers/STM32F0xx_HAL_Driver/Src/stm32f0xx_hal_rcc_ex.o
 .debug_frame   0x00001200      0xf00 ./Drivers/STM32F0xx_HAL_Driver/Src/stm32f0xx_hal_tim.o
 .debug_frame   0x00002100      0x560 ./Drivers/STM32F0xx_HAL_Driver/Src/stm32f0xx_hal_tim_ex.o
 .debug_frame   0x00002660      0x170 ./Drivers/STM32F0xx_HAL_Driver/Src/stm32f0xx_ll_gpio.o
 .debug_frame   0x000027d0      0x2d0 ./Drivers/STM32F0xx_HAL_Driver/Src/stm32f0xx_ll_usb.o
 .debug_frame   0x00002aa0      0x150 ./Middlewares/ST/STM32_USB_Device_Library/Class/HID/Src/usbd_hid.o
 .debug_frame   0x00002bf0      0x290 ./Middlewares/ST/STM32_USB_Device_Library/Core/Src/usbd_core.o
 .debug_frame   0x00002e80      0x1d8 ./Middlewares/ST/STM32_USB_Device_Library/Core/Src/usbd_ctlreq.o
 .debug_frame   0x00003058       0xf0 ./Middlewares/ST/STM32_USB_Device_Library/Core/Src/usbd_ioreq.o
 .debug_frame   0x00003148       0x2c ./USB_DEVICE/App/usb_device.o
 .debug_frame   0x00003174      0x130 ./USB_DEVICE/App/usbd_desc.o
 .debug_frame   0x000032a4      0x438 ./USB_DEVICE/Target/usbd_conf.o
 .debug_frame   0x000036dc       0x20 C:/ST/STM32CubeIDE_1.17.0/STM32CubeIDE/plugins/com.st.stm32cube.ide.mcu.externaltools.gnu-tools-for-stm32.12.3.rel1.win32_1.1.0.202410251130/tools/bin/../lib/gcc/arm-none-eabi/12.3.1/../../../../arm-none-eabi/lib/thumb/v6-m/nofp\libc_nano.a(libc_a-memset.o)
 .debug_frame   0x000036fc       0x2c C:/ST/STM32CubeIDE_1.17.0/STM32CubeIDE/plugins/com.st.stm32cube.ide.mcu.externaltools.gnu-tools-for-stm32.12.3.rel1.win32_1.1.0.202410251130/tools/bin/../lib/gcc/arm-none-eabi/12.3.1/../../../../arm-none-eabi/lib/thumb/v6-m/nofp\libc_nano.a(libc_a-init.o)
 .debug_frame   0x00003728       0x20 C:/ST/STM32CubeIDE_1.17.0/STM32CubeIDE/plugins/com.st.stm32cube.ide.mcu.externaltools.gnu-tools-for-stm32.12.3.rel1.win32_1.1.0.202410251130/tools/bin/../lib/gcc/arm-none-eabi/12.3.1/thumb/v6-m/nofp\libgcc.a(_udivsi3.o)

.debug_line_str
                0x00000000       0x71
 .debug_line_str
                0x00000000       0x71 ./Core/Startup/startup_stm32f072cbtx.o
