../Drivers/STM32F0xx_HAL_Driver/Inc/stm32f0xx_ll_gpio.h:757:26:LL_GPIO_IsInputPinSet	16	static
../Drivers/STM32F0xx_HAL_Driver/Inc/stm32f0xx_ll_gpio.h:838:22:LL_GPIO_SetOutputPin	16	static
../Drivers/STM32F0xx_HAL_Driver/Inc/stm32f0xx_ll_gpio.h:867:22:LL_GPIO_ResetOutputPin	16	static
../Core/Src/keyboard.c:13:6:print_test_msg	8	static
../Core/Src/keyboard.c:59:9:scanMatrix	16	static
../Core/Src/keyboard.c:98:9:scanMatrixTest	40	static
../Core/Src/keyboard.c:140:9:isModifierKey	16	static
../Core/Src/keyboard.c:159:9:isFnKey	16	static
../Core/Src/keyboard.c:168:6:fillHidInputBuffer	40	static
../Core/Src/keyboard.c:221:6:fillHidInputReport	16	static
../Core/Src/keyboard.c:228:6:sendHidReport	8	static
